Component: ARM Compiler 5.06 update 6 (build 750) Tool: armlink [4d35ed]

==============================================================================

Section Cross References

    main.o(i.TEMP_Value_Conversion) refers to _printf_pad.o(.text) for _printf_pre_padding
    main.o(i.TEMP_Value_Conversion) refers to _printf_percent.o(.ARM.Collect$$_printf_percent$$00000000) for _printf_percent
    main.o(i.TEMP_Value_Conversion) refers to _printf_f.o(.ARM.Collect$$_printf_percent$$00000003) for _printf_f
    main.o(i.TEMP_Value_Conversion) refers to printf1.o(x$fpl$printf1) for _printf_fp_dec
    main.o(i.TEMP_Value_Conversion) refers to ds18b20.o(i.DS18B20_Get_Temp) for DS18B20_Get_Temp
    main.o(i.TEMP_Value_Conversion) refers to f2d.o(x$fpl$f2d) for __aeabi_f2d
    main.o(i.TEMP_Value_Conversion) refers to ddiv.o(x$fpl$ddiv) for __aeabi_ddiv
    main.o(i.TEMP_Value_Conversion) refers to d2f.o(x$fpl$d2f) for __aeabi_d2f
    main.o(i.TEMP_Value_Conversion) refers to __2sprintf.o(.text) for __2sprintf
    main.o(i.TEMP_Value_Conversion) refers to oled.o(i.OLED_ShowString) for OLED_ShowString
    main.o(i.TEMP_Value_Conversion) refers to main.o(.data) for temp_data
    main.o(i.TEMP_Value_Conversion) refers to main.o(.bss) for ucbuf
    main.o(i.adc_1) refers to delay.o(i.delay_ms) for delay_ms
    main.o(i.adc_1) refers to ad.o(.data) for AD_Value
    main.o(i.main) refers to usart1.o(i.usart1_init) for usart1_init
    main.o(i.main) refers to usart1.o(i.u1_printf) for u1_printf
    main.o(i.main) refers to usart2.o(i.Usart2_Init) for Usart2_Init
    main.o(i.main) refers to timer4.o(i.tim4_init) for tim4_init
    main.o(i.main) refers to delay.o(i.delay_init) for delay_init
    main.o(i.main) refers to wifi.o(i.wifi_reset_io_init) for wifi_reset_io_init
    main.o(i.main) refers to mqtt.o(i.AliIoT_Parameter_Init) for AliIoT_Parameter_Init
    main.o(i.main) refers to dht11.o(i.DHT11_Init) for DHT11_Init
    main.o(i.main) refers to ad.o(i.AD_Init) for AD_Init
    main.o(i.main) refers to led.o(i.LED_Init) for LED_Init
    main.o(i.main) refers to beep.o(i.BEEP_Init) for BEEP_Init
    main.o(i.main) refers to oled.o(i.OLED_Init) for OLED_Init
    main.o(i.main) refers to relay.o(i.relay_Init) for relay_Init
    main.o(i.main) refers to ds18b20.o(i.DS18B20_Init) for DS18B20_Init
    main.o(i.main) refers to main.o(i.adc_1) for adc_1
    main.o(i.main) refers to dht11.o(i.DHT11_Read_Data) for DHT11_Read_Data
    main.o(i.main) refers to main.o(i.TEMP_Value_Conversion) for TEMP_Value_Conversion
    main.o(i.main) refers to main.o(i.oeld_show) for oeld_show
    main.o(i.main) refers to usart2.o(i.u2_TxData) for u2_TxData
    main.o(i.main) refers to timer3.o(i.TIM3_ENABLE_30S) for TIM3_ENABLE_30S
    main.o(i.main) refers to main.o(i.set_temp_humid) for set_temp_humid
    main.o(i.main) refers to timer2.o(i.TIM2_ENABLE_6S) for TIM2_ENABLE_6S
    main.o(i.main) refers to mqtt.o(i.MQTT_DealPushdata_Qs0) for MQTT_DealPushdata_Qs0
    main.o(i.main) refers to strstr.o(.text) for strstr
    main.o(i.main) refers to stm32f10x_gpio.o(i.GPIO_SetBits) for GPIO_SetBits
    main.o(i.main) refers to stm32f10x_gpio.o(i.GPIO_ResetBits) for GPIO_ResetBits
    main.o(i.main) refers to stm32f10x_tim.o(i.TIM_Cmd) for TIM_Cmd
    main.o(i.main) refers to rt_memclr.o(.text) for __aeabi_memclr
    main.o(i.main) refers to wifi.o(i.WiFi_Connect_IoTServer) for WiFi_Connect_IoTServer
    main.o(i.main) refers to mqtt.o(i.MQTT_Buff_Init) for MQTT_Buff_Init
    main.o(i.main) refers to ad.o(.data) for AD_Value
    main.o(i.main) refers to main.o(.data) for pressure
    main.o(i.main) refers to mqtt.o(.data) for Connect_flag
    main.o(i.main) refers to mqtt.o(.bss) for MQTT_TxDataBuf
    main.o(i.main) refers to usart2.o(.data) for Usart2_RxCounter
    main.o(i.main) refers to usart2.o(.bss) for Usart2_RxBuff
    main.o(i.oeld_show) refers to oled.o(i.OLED_ShowString) for OLED_ShowString
    main.o(i.oeld_show) refers to oled.o(i.OLED_ShowNum) for OLED_ShowNum
    main.o(i.oeld_show) refers to oled.o(i.OLED_ShowCHinese) for OLED_ShowCHinese
    main.o(i.oeld_show) refers to main.o(.data) for pressure
    main.o(i.set_temp_humid) refers to _printf_percent.o(.ARM.Collect$$_printf_percent$$00000000) for _printf_percent
    main.o(i.set_temp_humid) refers to _printf_d.o(.ARM.Collect$$_printf_percent$$00000009) for _printf_d
    main.o(i.set_temp_humid) refers to _printf_f.o(.ARM.Collect$$_printf_percent$$00000003) for _printf_f
    main.o(i.set_temp_humid) refers to _printf_dec.o(.text) for _printf_int_dec
    main.o(i.set_temp_humid) refers to printf1.o(x$fpl$printf1) for _printf_fp_dec
    main.o(i.set_temp_humid) refers to f2d.o(x$fpl$f2d) for __aeabi_f2d
    main.o(i.set_temp_humid) refers to __2sprintf.o(.text) for __2sprintf
    main.o(i.set_temp_humid) refers to strlen.o(.text) for strlen
    main.o(i.set_temp_humid) refers to mqtt.o(i.MQTT_PublishQs0) for MQTT_PublishQs0
[...]
    .constdata                               0x080074ec   Section       64  utils_sha1.o(.constdata)
    iot_sha1_padding                         0x080074ec   Data          64  utils_sha1.o(.constdata)
    .constdata                               0x0800752c   Section       17  __printf_flags_ss_wp.o(.constdata)
    maptable                                 0x0800752c   Data          17  __printf_flags_ss_wp.o(.constdata)
    .constdata                               0x08007540   Section        8  _printf_wctomb.o(.constdata)
    initial_mbstate                          0x08007540   Data           8  _printf_wctomb.o(.constdata)
    .constdata                               0x08007548   Section       40  _printf_hex_int_ll_ptr.o(.constdata)
    uc_hextab                                0x08007548   Data          20  _printf_hex_int_ll_ptr.o(.constdata)
    lc_hextab                                0x0800755c   Data          20  _printf_hex_int_ll_ptr.o(.constdata)
    .constdata                               0x08007570   Section      148  bigflt0.o(.constdata)
    tenpwrs_x                                0x08007570   Data          60  bigflt0.o(.constdata)
    tenpwrs_i                                0x080075ac   Data          64  bigflt0.o(.constdata)
    .conststring                             0x08007604   Section      187  main.o(.conststring)
    locale$$data                             0x080076e0   Section       28  lc_numeric_c.o(locale$$data)
    __lcnum_c_name                           0x080076e4   Data           2  lc_numeric_c.o(locale$$data)
    __lcnum_c_start                          0x080076ec   Data           0  lc_numeric_c.o(locale$$data)
    __lcnum_c_point                          0x080076f8   Data           0  lc_numeric_c.o(locale$$data)
    __lcnum_c_thousands                      0x080076fa   Data           0  lc_numeric_c.o(locale$$data)
    __lcnum_c_grouping                       0x080076fb   Data           0  lc_numeric_c.o(locale$$data)
    locale$$data                             0x080076fc   Section      272  lc_ctype_c.o(locale$$data)
    __lcnum_c_end                            0x080076fc   Data           0  lc_numeric_c.o(locale$$data)
    __lcctype_c_name                         0x08007700   Data           2  lc_ctype_c.o(locale$$data)
    __lcctype_c_start                        0x08007708   Data           0  lc_ctype_c.o(locale$$data)
    __lcctype_c_end                          0x0800780c   Data           0  lc_ctype_c.o(locale$$data)
    .data                                    0x20000000   Section       16  main.o(.data)
    .data                                    0x20000010   Section       20  stm32f10x_rcc.o(.data)
    APBAHBPrescTable                         0x20000010   Data          16  stm32f10x_rcc.o(.data)
    ADCPrescTable                            0x20000020   Data           4  stm32f10x_rcc.o(.data)
    .data                                    0x20000024   Section        8  usart2.o(.data)
    .data                                    0x2000002c   Section        4  usart1.o(.data)
    .data                                    0x20000030   Section       68  mqtt.o(.data)
    .data                                    0x20000074   Section      640  oled.o(.data)
    .data                                    0x200002f4   Section        8  ad.o(.data)
    .bss                                     0x200002fc   Section       17  main.o(.bss)
    .bss                                     0x20000310   Section     8192  usart2.o(.bss)
    .bss                                     0x20002310   Section      256  usart1.o(.bss)
    .bss                                     0x20002410   Section     5312  mqtt.o(.bss)
    .bss                                     0x200038d0   Section       96  libspace.o(.bss)
    HEAP                                     0x20003930   Section      512  startup_stm32f10x_md.o(HEAP)
    Heap_Mem                                 0x20003930   Data         512  startup_stm32f10x_md.o(HEAP)
    STACK                                    0x20003b30   Section     1024  startup_stm32f10x_md.o(STACK)
    Stack_Mem                                0x20003b30   Data        1024  startup_stm32f10x_md.o(STACK)
    __initial_sp                             0x20003f30   Data           0  startup_stm32f10x_md.o(STACK)

    Global Symbols

    Symbol Name                              Value     Ov Type        Size  Object(Section)

    BuildAttributes$$THM_ISAv4$P$D$K$B$S$PE$A:L22UL41UL21$X:L11$S22US41US21$IEEE1$IW$USESV6$~STKCKD$USESV7$~SHL$OTIME$ROPI$IEEEJ$EBA8$UX$STANDARDLIB$REQ8$PRES8$EABIv2 0x00000000   Number         0  anon$$obj.o ABSOLUTE
    __ARM_use_no_argv                        0x00000000   Number         0  main.o ABSOLUTE
    _printf_flags                            0x00000000   Number         0  printf_stubs.o ABSOLUTE
    _printf_return_value                     0x00000000   Number         0  printf_stubs.o ABSOLUTE
    _printf_sizespec                         0x00000000   Number         0  printf_stubs.o ABSOLUTE
    _printf_widthprec                        0x00000000   Number         0  printf_stubs.o ABSOLUTE
    __ARM_exceptions_init                     - Undefined Weak Reference
    __alloca_initialize                       - Undefined Weak Reference
    __arm_preinit_                            - Undefined Weak Reference
    __cpp_initialize__aeabi_                  - Undefined Weak Reference
    __cxa_finalize                            - Undefined Weak Reference
    __sigvec_lookup                           - Undefined Weak Reference
    _atexit_init                              - Undefined Weak Reference
    _call_atexit_fns                          - Undefined Weak Reference
    _clock_init                               - Undefined Weak Reference
    _fp_trap_init                             - Undefined Weak Reference
    _fp_trap_shutdown                         - Undefined Weak Reference
    _get_lc_collate                           - Undefined Weak Reference
    _get_lc_monetary                          - Undefined Weak Reference
    _get_lc_time                              - Undefined Weak Reference
    _getenv_init                              - Undefined Weak Reference
    _handle_redirection                       - Undefined Weak Reference
    _init_alloc                               - Undefined Weak Reference
    _init_user_alloc                          - Undefined Weak Reference
    _initio                                   - Undefined Weak Reference
    _mutex_acquire                            - Undefined Weak Reference
    _mutex_release                            - Undefined Weak Reference
    _printf_fp_hex                            - Undefined Weak Reference
    _printf_mbtowc                            - Undefined Weak Reference
    _printf_wc                                - Undefined Weak Reference
    _rand_init                                - Undefined Weak Reference
    _signal_finish                            - Undefined Weak Reference
    _signal_init                              - Undefined Weak Reference
    _terminate_alloc                          - Undefined Weak Reference
    _terminate_user_alloc                     - Undefined Weak Reference
    _terminateio                              - Undefined Weak Reference
    __Vectors_Size                           0x000000ec   Number         0  startup_stm32f10x_md.o ABSOLUTE
    __Vectors                                0x08000000   Data           4  startup_stm32f10x_md.o(RESET)
    __Vectors_End                            0x080000ec   Data           0  startup_stm32f10x_md.o(RESET)
    __main                                   0x080000ed   Thumb Code     8  __main.o(!!!main)
    __scatterload                            0x080000f5   Thumb Code     0  __scatter.o(!!!scatter)
    __scatterload_rt2                        0x080000f5   Thumb Code    44  __scatter.o(!!!scatter)
    __scatterload_rt2_thumb_only             0x080000f5   Thumb Code     0  __scatter.o(!!!scatter)
    __scatterload_null                       0x08000103   Thumb Code     0  __scatter.o(!!!scatter)
    __decompress                             0x08000129   Thumb Code   100  __dclz77c.o(!!dclz77c)
    __decompress2                            0x08000129   Thumb Code     0  __dclz77c.o(!!dclz77c)
    __scatterload_zeroinit                   0x0800018d   Thumb Code    28  __scatter_zi.o(!!handler_zi)
    _printf_n                                0x080001a9   Thumb Code     0  _printf_n.o(.ARM.Collect$$_printf_percent$$00000001)
    _printf_percent                          0x080001a9   Thumb Code     0  _printf_percent.o(.ARM.Collect$$_printf_percent$$00000000)
    _printf_p                                0x080001af   Thumb Code     0  _printf_p.o(.ARM.Collect$$_printf_percent$$00000002)
    _printf_f                                0x080001b5   Thumb Code     0  _printf_f.o(.ARM.Collect$$_printf_percent$$00000003)
    _printf_e                                0x080001bb   Thumb Code     0  _printf_e.o(.ARM.Collect$$_printf_percent$$00000004)
    _printf_g                                0x080001c1   Thumb Code     0  _printf_g.o(.ARM.Collect$$_printf_percent$$00000005)
    _printf_a                                0x080001c7   Thumb Code     0  _printf_a.o(.ARM.Collect$$_printf_percent$$00000006)
    _printf_ll                               0x080001cd   Thumb Code     0  _printf_ll.o(.ARM.Collect$$_printf_percent$$00000007)
    _printf_i                                0x080001d7   Thumb Code     0  _printf_i.o(.ARM.Collect$$_printf_percent$$00000008)
    _printf_d                                0x080001dd   Thumb Code     0  _printf_d.o(.ARM.Collect$$_printf_percent$$00000009)
    _printf_u                                0x080001e3   Thumb Code     0  _printf_u.o(.ARM.Collect$$_printf_percent$$0000000A)
    _printf_o                                0x080001e9   Thumb Code     0  _printf_o.o(.ARM.Collect$$_printf_percent$$0000000B)
    _printf_x                                0x080001ef   Thumb Code     0  _printf_x.o(.ARM.Collect$$_printf_percent$$0000000C)
    _printf_lli                              0x080001f5   Thumb Code     0  _printf_lli.o(.ARM.Collect$$_printf_percent$$0000000D)
    _printf_lld                              0x080001fb   Thumb Code     0  _printf_lld.o(.ARM.Collect$$_printf_percent$$0000000E)
    _printf_llu                              0x08000201   Thumb Code     0  _printf_llu.o(.ARM.Collect$$_printf_percent$$0000000F)
    _printf_llo                              0x08000207   Thumb Code     0  _printf_llo.o(.ARM.Collect$$_printf_percent$$00000010)
    _printf_llx                              0x0800020d   Thumb Code     0  _printf_llx.o(.ARM.Collect$$_printf_percent$$00000011)
    _printf_l                                0x08000213   Thumb Code     0  _printf_l.o(.ARM.Collect$$_printf_percent$$00000012)
    _printf_c                                0x0800021d   Thumb Code     0  _printf_c.o(.ARM.Collect$$_printf_percent$$00000013)
    _printf_s                                0x08000223   Thumb Code     0  _printf_s.o(.ARM.Collect$$_printf_percent$$00000014)
    _printf_lc                               0x08000229   Thumb Code     0  _printf_lc.o(.ARM.Collect$$_printf_percent$$00000015)
    _printf_ls                               0x0800022f   Thumb Code     0  _printf_ls.o(.ARM.Collect$$_printf_percent$$00000016)
    _printf_percent_end                      0x08000235   Thumb Code     0  _printf_percent_end.o(.ARM.Collect$$_printf_percent$$00000017)
    __rt_lib_init                            0x08000239   Thumb Code     0  libinit.o(.ARM.Collect$$libinit$$00000000)
    __rt_lib_init_fp_1                       0x0800023b   Thumb Code     0  libinit2.o(.ARM.Collect$$libinit$$00000002)
    __rt_lib_init_heap_1                     0x0800023b   Thumb Code     0  libinit2.o(.ARM.Collect$$libinit$$0000000A)
    __rt_lib_init_lc_common                  0x0800023b   Thumb Code     0  libinit2.o(.ARM.Collect$$libinit$$0000000F)
    __rt_lib_init_preinit_1                  0x0800023b   Thumb Code     0  libinit2.o(.ARM.Collect$$libinit$$00000004)
    __rt_lib_init_rand_1                     0x0800023b   Thumb Code     0  libinit2.o(.ARM.Collect$$libinit$$0000000E)
    __rt_lib_init_user_alloc_1               0x0800023b   Thumb Code     0  libinit2.o(.ARM.Collect$$libinit$$0000000C)
    __rt_lib_init_lc_collate_1               0x08000241   Thumb Code     0  libinit2.o(.ARM.Collect$$libinit$$00000011)
    __rt_lib_init_lc_ctype_2                 0x08000241   Thumb Code     0  libinit2.o(.ARM.Collect$$libinit$$00000012)
    __rt_lib_init_lc_ctype_1                 0x0800024d   Thumb Code     0  libinit2.o(.ARM.Collect$$libinit$$00000013)
    __rt_lib_init_lc_monetary_1              0x0800024d   Thumb Code     0  libinit2.o(.ARM.Collect$$libinit$$00000015)
    __rt_lib_init_lc_numeric_2               0x0800024d   Thumb Code     0  libinit2.o(.ARM.Collect$$libinit$$00000016)
    __rt_lib_init_alloca_1                   0x08000257   Thumb Code     0  libinit2.o(.ARM.Collect$$libinit$$0000002E)
    __rt_lib_init_argv_1                     0x08000257   Thumb Code     0  libinit2.o(.ARM.Collect$$libinit$$0000002C)
    __rt_lib_init_atexit_1                   0x08000257   Thumb Code     0  libinit2.o(.ARM.Collect$$libinit$$0000001B)
    __rt_lib_init_clock_1                    0x08000257   Thumb Code     0  libinit2.o(.ARM.Collect$$libinit$$00000021)
    __rt_lib_init_cpp_1                      0x08000257   Thumb Code     0  libinit2.o(.ARM.Collect$$libinit$$00000032)
    __rt_lib_init_exceptions_1               0x08000257   Thumb Code     0  libinit2.o(.ARM.Collect$$libinit$$00000030)
    __rt_lib_init_fp_trap_1                  0x08000257   Thumb Code     0  libinit2.o(.ARM.Collect$$libinit$$0000001F)
    __rt_lib_init_getenv_1                   0x08000257   Thumb Code     0  libinit2.o(.ARM.Collect$$libinit$$00000023)
    __rt_lib_init_lc_numeric_1               0x08000257   Thumb Code     0  libinit2.o(.ARM.Collect$$libinit$$00000017)
    __rt_lib_init_lc_time_1                  0x08000257   Thumb Code     0  libinit2.o(.ARM.Collect$$libinit$$00000019)
    __rt_lib_init_return                     0x08000257   Thumb Code     0  libinit2.o(.ARM.Collect$$libinit$$00000033)
    __rt_lib_init_signal_1                   0x08000257   Thumb Code     0  libinit2.o(.ARM.Collect$$libinit$$0000001D)
    __rt_lib_init_stdio_1                    0x08000257   Thumb Code     0  libinit2.o(.ARM.Collect$$libinit$$00000025)
    __rt_lib_shutdown                        0x08000259   Thumb Code     0  libshutdown.o(.ARM.Collect$$libshutdown$$00000000)
    __rt_lib_shutdown_cpp_1                  0x0800025b   Thumb Code     0  libshutdown2.o(.ARM.Collect$$libshutdown$$00000002)
    __rt_lib_shutdown_fp_trap_1              0x0800025b   Thumb Code     0  libshutdown2.o(.ARM.Collect$$libshutdown$$00000007)
    __rt_lib_shutdown_heap_1                 0x0800025b   Thumb Code     0  libshutdown2.o(.ARM.Collect$$libshutdown$$0000000F)
    __rt_lib_shutdown_return                 0x0800025b   Thumb Code     0  libshutdown2.o(.ARM.Collect$$libshutdown$$00000010)
    __rt_lib_shutdown_signal_1               0x0800025b   Thumb Code     0  libshutdown2.o(.ARM.Collect$$libshutdown$$0000000A)
    __rt_lib_shutdown_stdio_1                0x0800025b   Thumb Code     0  libshutdown2.o(.ARM.Collect$$libshutdown$$00000004)
    __rt_lib_shutdown_user_alloc_1           0x0800025b   Thumb Code     0  libshutdown2.o(.ARM.Collect$$libshutdown$$0000000C)
    __rt_entry                               0x0800025d   Thumb Code     0  __rtentry.o(.ARM.Collect$$rtentry$$00000000)
    __rt_entry_presh_1                       0x0800025d   Thumb Code     0  __rtentry2.o(.ARM.Collect$$rtentry$$00000002)
    __rt_entry_sh                            0x0800025d   Thumb Code     0  __rtentry4.o(.ARM.Collect$$rtentry$$00000004)
    __rt_entry_li                            0x08000263   Thumb Code     0  __rtentry2.o(.ARM.Collect$$rtentry$$0000000A)
    __rt_entry_postsh_1                      0x08000263   Thumb Code     0  __rtentry2.o(.ARM.Collect$$rtentry$$00000009)
    __rt_entry_main                          0x08000267   Thumb Code     0  __rtentry2.o(.ARM.Collect$$rtentry$$0000000D)
    __rt_entry_postli_1                      0x08000267   Thumb Code     0  __rtentry2.o(.ARM.Collect$$rtentry$$0000000C)
    __rt_exit                                0x0800026f   Thumb Code     0  rtexit.o(.ARM.Collect$$rtexit$$00000000)
    __rt_exit_ls                             0x08000271   Thumb Code     0  rtexit2.o(.ARM.Collect$$rtexit$$00000003)
    __rt_exit_prels_1                        0x08000271   Thumb Code     0  rtexit2.o(.ARM.Collect$$rtexit$$00000002)
    __rt_exit_exit                           0x08000275   Thumb Code     0  rtexit2.o(.ARM.Collect$$rtexit$$00000004)
    Reset_Handler                            0x0800027d   Thumb Code     8  startup_stm32f10x_md.o(.text)
    ADC1_2_IRQHandler                        0x08000297   Thumb Code     0  startup_stm32f10x_md.o(.text)
    CAN1_RX1_IRQHandler                      0x08000297   Thumb Code     0  startup_stm32f10x_md.o(.text)
    CAN1_SCE_IRQHandler                      0x08000297   Thumb Code     0  startup_stm32f10x_md.o(.text)
    DMA1_Channel1_IRQHandler                 0x08000297   Thumb Code     0  startup_stm32f10x_md.o(.text)
    DMA1_Channel2_IRQHandler                 0x08000297   Thumb Code     0  startup_stm32f10x_md.o(.text)
    DMA1_Channel3_IRQHandler                 0x08000297   Thumb Code     0  startup_stm32f10x_md.o(.text)
    DMA1_Channel4_IRQHandler                 0x08000297   Thumb Code     0  startup_stm32f10x_md.o(.text)
    DMA1_Channel5_IRQHandler                 0x08000297   Thumb Code     0  startup_stm32f10x_md.o(.text)
    DMA1_Channel6_IRQHandler                 0x08000297   Thumb Code     0  startup_stm32f10x_md.o(.text)
    DMA1_Channel7_IRQHandler                 0x08000297   Thumb Code     0  startup_stm32f10x_md.o(.text)
    EXTI0_IRQHandler                         0x08000297   Thumb Code     0  startup_stm32f10x_md.o(.text)
    EXTI15_10_IRQHandler                     0x08000297   Thumb Code     0  startup_stm32f10x_md.o(.text)
    EXTI1_IRQHandler                         0x08000297   Thumb Code     0  startup_stm32f10x_md.o(.text)
    EXTI2_IRQHandler                         0x08000297   Thumb Code     0  startup_stm32f10x_md.o(.text)
    EXTI3_IRQHandler                         0x08000297   Thumb Code     0  startup_stm32f10x_md.o(.text)
    EXTI4_IRQHandler                         0x08000297   Thumb Code     0  startup_stm32f10x_md.o(.text)
    EXTI9_5_IRQHandler                       0x08000297   Thumb Code     0  startup_stm32f10x_md.o(.text)
    FLASH_IRQHandler                         0x08000297   Thumb Code     0  startup_stm32f10x_md.o(.text)
    I2C1_ER_IRQHandler                       0x08000297   Thumb Code     0  startup_stm32f10x_md.o(.text)
    I2C1_EV_IRQHandler                       0x08000297   Thumb Code     0  startup_stm32f10x_md.o(.text)
    I2C2_ER_IRQHandler                       0x08000297   Thumb Code     0  startup_stm32f10x_md.o(.text)
    I2C2_EV_IRQHandler                       0x08000297   Thumb Code     0  startup_stm32f10x_md.o(.text)
    PVD_IRQHandler                           0x08000297   Thumb Code     0  startup_stm32f10x_md.o(.text)
    RCC_IRQHandler                           0x08000297   Thumb Code     0  startup_stm32f10x_md.o(.text)
    RTCAlarm_IRQHandler                      0x08000297   Thumb Code     0  startup_stm32f10x_md.o(.text)
    RTC_IRQHandler                           0x08000297   Thumb Code     0  startup_stm32f10x_md.o(.text)
    SPI1_IRQHandler                          0x08000297   Thumb Code     0  startup_stm32f10x_md.o(.text)
    SPI2_IRQHandler                          0x08000297   Thumb Code     0  startup_stm32f10x_md.o(.text)
    TAMPER_IRQHandler                        0x08000297   Thumb Code     0  startup_stm32f10x_md.o(.text)
    TIM1_BRK_IRQHandler                      0x08000297   Thumb Code     0  startup_stm32f10x_md.o(.text)
    TIM1_CC_IRQHandler                       0x08000297   Thumb Code     0  startup_stm32f10x_md.o(.text)
    TIM1_TRG_COM_IRQHandler                  0x08000297   Thumb Code     0  startup_stm32f10x_md.o(.text)
    TIM1_UP_IRQHandler                       0x08000297   Thumb Code     0  startup_stm32f10x_md.o(.text)
    USART1_IRQHandler                        0x08000297   Thumb Code     0  startup_stm32f10x_md.o(.text)
    USART3_IRQHandler                        0x08000297   Thumb Code     0  startup_stm32f10x_md.o(.text)
    USBWakeUp_IRQHandler                     0x08000297   Thumb Code     0  startup_stm32f10x_md.o(.text)
    USB_HP_CAN1_TX_IRQHandler                0x08000297   Thumb Code     0  startup_stm32f10x_md.o(.text)
    USB_LP_CAN1_RX0_IRQHandler               0x08000297   Thumb Code     0  startup_stm32f10x_md.o(.text)
    WWDG_IRQHandler                          0x08000297   Thumb Code     0  startup_stm32f10x_md.o(.text)
    __user_initial_stackheap                 0x08000299   Thumb Code     0  startup_stm32f10x_md.o(.text)
    __use_no_semihosting                     0x080002bd   Thumb Code     2  use_no_semi_2.o(.text)
    __c89vsprintf                            0x080002c1   Thumb Code    32  c89vsprintf.o(.text)
    __2printf                                0x080002e5   Thumb Code    20  __2printf.o(.text)
    __2sprintf                               0x080002fd   Thumb Code    38  __2sprintf.o(.text)
    _printf_pre_padding                      0x08000329   Thumb Code    44  _printf_pad.o(.text)
    _printf_post_padding                     0x08000355   Thumb Code    34  _printf_pad.o(.text)
    _printf_str                              0x08000377   Thumb Code    82  _printf_str.o(.text)
    _printf_int_dec                          0x080003c9   Thumb Code   104  _printf_dec.o(.text)
    __printf                                 0x08000441   Thumb Code   388  __printf_flags_ss_wp.o(.text)
    strstr                                   0x080005c9   Thumb Code    36  strstr.o(.text)
    strlen                                   0x080005ed   Thumb Code    62  strlen.o(.text)
    __aeabi_memcpy                           0x0800062b   Thumb Code     0  rt_memcpy_v6.o(.text)
    __rt_memcpy                              0x0800062b   Thumb Code   138  rt_memcpy_v6.o(.text)
    _memcpy_lastbytes                        0x08000691   Thumb Code     0  rt_memcpy_v6.o(.text)
    __aeabi_memcpy4                          0x080006b5   Thumb Code     0  rt_memcpy_w.o(.text)
    __aeabi_memcpy8                          0x080006b5   Thumb Code     0  rt_memcpy_w.o(.text)
    __rt_memcpy_w                            0x080006b5   Thumb Code   100  rt_memcpy_w.o(.text)
    _memcpy_lastbytes_aligned                0x080006fd   Thumb Code     0  rt_memcpy_w.o(.text)
    __aeabi_memset                           0x08000719   Thumb Code    16  aeabi_memset.o(.text)
    __aeabi_memclr                           0x08000729   Thumb Code     0  rt_memclr.o(.text)
    __rt_memclr                              0x08000729   Thumb Code    68  rt_memclr.o(.text)
    _memset                                  0x0800072d   Thumb Code     0  rt_memclr.o(.text)
    __aeabi_memclr4                          0x0800076d   Thumb Code     0  rt_memclr_w.o(.text)
    __aeabi_memclr8                          0x0800076d   Thumb Code     0  rt_memclr_w.o(.text)
    __rt_memclr_w                            0x0800076d   Thumb Code    78  rt_memclr_w.o(.text)
    _memset_w                                0x08000771   Thumb Code     0  rt_memclr_w.o(.text)
    __use_two_region_memory                  0x080007bb   Thumb Code     2  heapauxi.o(.text)
    __rt_heap_escrow$2region                 0x080007bd   Thumb Code     2  heapauxi.o(.text)
    __rt_heap_expand$2region                 0x080007bf   Thumb Code     2  heapauxi.o(.text)
    __I$use$semihosting                      0x080007c1   Thumb Code     0  use_no_semi.o(.text)
    __use_no_semihosting_swi                 0x080007c1   Thumb Code     2  use_no_semi.o(.text)
    _printf_truncate_signed                  0x080007c3   Thumb Code    18  _printf_truncate.o(.text)
    _printf_truncate_unsigned                0x080007d5   Thumb Code    18  _printf_truncate.o(.text)
    _printf_int_common                       0x080007e7   Thumb Code   178  _printf_intcommon.o(.text)
    _printf_charcount                        0x08000899   Thumb Code    40  _printf_charcount.o(.text)
    __lib_sel_fp_printf                      0x080008c1   Thumb Code     2  _printf_fp_dec.o(.text)
    _printf_fp_dec_real                      0x08000a73   Thumb Code   620  _printf_fp_dec.o(.text)
    _printf_char_common                      0x08000ceb   Thumb Code    32  _printf_char_common.o(.text)
    _sputc                                   0x08000d11   Thumb Code    10  _sputc.o(.text)
    _printf_cs_common                        0x08000d1b   Thumb Code    20  _printf_char.o(.text)
    _printf_char                             0x08000d2f   Thumb Code    16  _printf_char.o(.text)
    _printf_string                           0x08000d3f   Thumb Code     8  _printf_char.o(.text)
    _printf_char_file                        0x08000d49   Thumb Code    32  _printf_char_file.o(.text)
    _printf_wctomb                           0x08000d6d   Thumb Code   182  _printf_wctomb.o(.text)
    _printf_longlong_dec                     0x08000e29   Thumb Code   108  _printf_longlong_dec.o(.text)
    _printf_longlong_oct                     0x08000ea5   Thumb Code    66  _printf_oct_int_ll.o(.text)
    _printf_int_oct                          0x08000ee7   Thumb Code    24  _printf_oct_int_ll.o(.text)
    _printf_ll_oct                           0x08000eff   Thumb Code    12  _printf_oct_int_ll.o(.text)
    _printf_longlong_hex                     0x08000f15   Thumb Code    86  _printf_hex_int_ll_ptr.o(.text)
    _printf_int_hex                          0x08000f6b   Thumb Code    28  _printf_hex_int_ll_ptr.o(.text)
    _printf_ll_hex                           0x08000f87   Thumb Code    12  _printf_hex_int_ll_ptr.o(.text)
    _printf_hex_ptr                          0x08000f93   Thumb Code    18  _printf_hex_int_ll_ptr.o(.text)
    __rt_locale                              0x08000fa9   Thumb Code     8  rt_locale_intlibspace.o(.text)
    _ll_udiv10                               0x08000fb1   Thumb Code   138  lludiv10.o(.text)
    _printf_fp_infnan                        0x0800103d   Thumb Code   112  _printf_fp_infnan.o(.text)
    _printf_lcs_common                       0x080010bd   Thumb Code    20  _printf_wchar.o(.text)
    _printf_wchar                            0x080010d1   Thumb Code    16  _printf_wchar.o(.text)
    _printf_wstring                          0x080010e1   Thumb Code     8  _printf_wchar.o(.text)
    _btod_etento                             0x080010e9   Thumb Code   224  bigflt0.o(.text)
    ferror                                   0x080011cd   Thumb Code     8  ferror.o(.text)
    _wcrtomb                                 0x080011d5   Thumb Code    64  _wcrtomb.o(.text)
    __user_libspace                          0x08001215   Thumb Code     8  libspace.o(.text)
    __user_perproc_libspace                  0x08001215   Thumb Code     0  libspace.o(.text)
    __user_perthread_libspace                0x08001215   Thumb Code     0  libspace.o(.text)
    __user_setup_stackheap                   0x0800121d   Thumb Code    74  sys_stackheap_outer.o(.text)
    __rt_ctype_table                         0x08001269   Thumb Code    16  rt_ctype_table.o(.text)
    exit                                     0x08001279   Thumb Code    18  exit.o(.text)
    strcmp                                   0x0800128d   Thumb Code   128  strcmpv7m.o(.text)
    _btod_d2e                                0x0800130d   Thumb Code    62  btod.o(CL$$btod_d2e)
    _d2e_denorm_low                          0x0800134b   Thumb Code    70  btod.o(CL$$btod_d2e_denorm_low)
    _d2e_norm_op1                            0x08001391   Thumb Code    96  btod.o(CL$$btod_d2e_norm_op1)
    __btod_div_common                        0x080013f1   Thumb Code   696  btod.o(CL$$btod_div_common)
    _e2e                                     0x08001729   Thumb Code   220  btod.o(CL$$btod_e2e)
    _btod_ediv                               0x08001805   Thumb Code    42  btod.o(CL$$btod_ediv)
    _btod_emul                               0x0800182f   Thumb Code    42  btod.o(CL$$btod_emul)
    __btod_mult_common                       0x08001859   Thumb Code   580  btod.o(CL$$btod_mult_common)
    ADC_Cmd                                  0x08001a9d   Thumb Code    22  stm32f10x_adc.o(i.ADC_Cmd)
    ADC_DMACmd                               0x08001ab3   Thumb Code    22  stm32f10x_adc.o(i.ADC_DMACmd)
    ADC_GetCalibrationStatus                 0x08001ac9   Thumb Code    20  stm32f10x_adc.o(i.ADC_GetCalibrationStatus)
    ADC_GetResetCalibrationStatus            0x08001add   Thumb Code    20  stm32f10x_adc.o(i.ADC_GetResetCalibrationStatus)
    ADC_Init                                 0x08001af1   Thumb Code    70  stm32f10x_adc.o(i.ADC_Init)
    ADC_RegularChannelConfig                 0x08001b41   Thumb Code   184  stm32f10x_adc.o(i.ADC_RegularChannelConfig)
    ADC_ResetCalibration                     0x08001bf9   Thumb Code    10  stm32f10x_adc.o(i.ADC_ResetCalibration)
    ADC_SoftwareStartConvCmd                 0x08001c03   Thumb Code    22  stm32f10x_adc.o(i.ADC_SoftwareStartConvCmd)
    ADC_StartCalibration                     0x08001c19   Thumb Code    10  stm32f10x_adc.o(i.ADC_StartCalibration)
    AD_Init                                  0x08001c25   Thumb Code   276  ad.o(i.AD_Init)
    AliIoT_Parameter_Init                    0x08001d49   Thumb Code   194  mqtt.o(i.AliIoT_Parameter_Init)
    BEEP_Init                                0x08001f25   Thumb Code    50  beep.o(i.BEEP_Init)
    BusFault_Handler                         0x08001f5d   Thumb Code     2  stm32f10x_it.o(i.BusFault_Handler)
    CMDBuf_Deal                              0x08001f61   Thumb Code    96  mqtt.o(i.CMDBuf_Deal)
    DHT11_Check                              0x08001fcd   Thumb Code    92  dht11.o(i.DHT11_Check)
    DHT11_Init                               0x08002031   Thumb Code    58  dht11.o(i.DHT11_Init)
    DHT11_Read_Bit                           0x08002071   Thumb Code    70  dht11.o(i.DHT11_Read_Bit)
    DHT11_Read_Byte                          0x080020bd   Thumb Code    30  dht11.o(i.DHT11_Read_Byte)
    DHT11_Read_Data                          0x080020db   Thumb Code   138  dht11.o(i.DHT11_Read_Data)
    DHT11_Rst                                0x08002165   Thumb Code    52  dht11.o(i.DHT11_Rst)
    DMA_Cmd                                  0x080021a5   Thumb Code    24  stm32f10x_dma.o(i.DMA_Cmd)
    DMA_Init                                 0x080021bd   Thumb Code    60  stm32f10x_dma.o(i.DMA_Init)
    DS18B20_Get_Temp                         0x08002231   Thumb Code   128  ds18b20.o(i.DS18B20_Get_Temp)
    DS18B20_Init                             0x080022b9   Thumb Code    16  ds18b20.o(i.DS18B20_Init)
    DS18B20_Read_Byte                        0x080023a5   Thumb Code    34  ds18b20.o(i.DS18B20_Read_Byte)
    DS18B20_Write_Byte                       0x080023f9   Thumb Code    96  ds18b20.o(i.DS18B20_Write_Byte)
    DebugMon_Handler                         0x0800245d   Thumb Code     2  stm32f10x_it.o(i.DebugMon_Handler)
    GPIO_Init                                0x0800245f   Thumb Code   278  stm32f10x_gpio.o(i.GPIO_Init)
    GPIO_ReadInputDataBit                    0x08002575   Thumb Code    18  stm32f10x_gpio.o(i.GPIO_ReadInputDataBit)
    GPIO_ResetBits                           0x08002587   Thumb Code     4  stm32f10x_gpio.o(i.GPIO_ResetBits)
    GPIO_SetBits                             0x0800258b   Thumb Code     4  stm32f10x_gpio.o(i.GPIO_SetBits)
    GPIO_WriteBit                            0x0800258f   Thumb Code    10  stm32f10x_gpio.o(i.GPIO_WriteBit)
    HardFault_Handler                        0x08002599   Thumb Code     2  stm32f10x_it.o(i.HardFault_Handler)
    LED_Init                                 0x0800259d   Thumb Code    46  led.o(i.LED_Init)
    MQTT_Buff_Init                           0x080025d1   Thumb Code    90  mqtt.o(i.MQTT_Buff_Init)
    MQTT_ConectPack                          0x08002691   Thumb Code   496  mqtt.o(i.MQTT_ConectPack)
    MQTT_DealPushdata_Qs0                    0x080028a9   Thumb Code   234  mqtt.o(i.MQTT_DealPushdata_Qs0)
    MQTT_PingREQ                             0x080029b1   Thumb Code    22  mqtt.o(i.MQTT_PingREQ)
    MQTT_PublishQs0                          0x080029cd   Thumb Code   220  mqtt.o(i.MQTT_PublishQs0)
    MQTT_Subscribe                           0x08002ab9   Thumb Code   134  mqtt.o(i.MQTT_Subscribe)
    MemManage_Handler                        0x08002b51   Thumb Code     2  stm32f10x_it.o(i.MemManage_Handler)
    NMI_Handler                              0x08002b53   Thumb Code     2  stm32f10x_it.o(i.NMI_Handler)
    NVIC_Init                                0x08002b55   Thumb Code   100  misc.o(i.NVIC_Init)
    NVIC_PriorityGroupConfig                 0x08002bc5   Thumb Code    10  misc.o(i.NVIC_PriorityGroupConfig)
    OLED_Clear                               0x08002bd9   Thumb Code    42  oled.o(i.OLED_Clear)
    OLED_I2C_Init                            0x08002c05   Thumb Code    76  oled.o(i.OLED_I2C_Init)
    OLED_I2C_SendByte                        0x08002c55   Thumb Code    80  oled.o(i.OLED_I2C_SendByte)
    OLED_I2C_Start                           0x08002ca9   Thumb Code    48  oled.o(i.OLED_I2C_Start)
    OLED_I2C_Stop                            0x08002cdd   Thumb Code    36  oled.o(i.OLED_I2C_Stop)
    OLED_Init                                0x08002d05   Thumb Code   174  oled.o(i.OLED_Init)
    OLED_Pow                                 0x08002db3   Thumb Code    20  oled.o(i.OLED_Pow)
    OLED_SetCursor                           0x08002dc7   Thumb Code    34  oled.o(i.OLED_SetCursor)
    OLED_ShowCHinese                         0x08002de9   Thumb Code   122  oled.o(i.OLED_ShowCHinese)
    OLED_ShowChar                            0x08002e69   Thumb Code   110  oled.o(i.OLED_ShowChar)
    OLED_ShowNum                             0x08002edd   Thumb Code    68  oled.o(i.OLED_ShowNum)
    OLED_ShowString                          0x08002f21   Thumb Code    40  oled.o(i.OLED_ShowString)
    OLED_WriteCommand                        0x08002f49   Thumb Code    32  oled.o(i.OLED_WriteCommand)
    OLED_WriteData                           0x08002f69   Thumb Code    32  oled.o(i.OLED_WriteData)
    PendSV_Handler                           0x08002f89   Thumb Code     2  stm32f10x_it.o(i.PendSV_Handler)
    RCC_ADCCLKConfig                         0x08002f8d   Thumb Code    18  stm32f10x_rcc.o(i.RCC_ADCCLKConfig)
    RCC_AHBPeriphClockCmd                    0x08002fa5   Thumb Code    26  stm32f10x_rcc.o(i.RCC_AHBPeriphClockCmd)
    RCC_APB1PeriphClockCmd                   0x08002fc5   Thumb Code    26  stm32f10x_rcc.o(i.RCC_APB1PeriphClockCmd)
    RCC_APB1PeriphResetCmd                   0x08002fe5   Thumb Code    26  stm32f10x_rcc.o(i.RCC_APB1PeriphResetCmd)
    RCC_APB2PeriphClockCmd                   0x08003005   Thumb Code    26  stm32f10x_rcc.o(i.RCC_APB2PeriphClockCmd)
    RCC_APB2PeriphResetCmd                   0x08003025   Thumb Code    26  stm32f10x_rcc.o(i.RCC_APB2PeriphResetCmd)
    RCC_GetClocksFreq                        0x08003045   Thumb Code   192  stm32f10x_rcc.o(i.RCC_GetClocksFreq)
    SVC_Handler                              0x08003119   Thumb Code     2  stm32f10x_it.o(i.SVC_Handler)
    SysTick_CLKSourceConfig                  0x08003205   Thumb Code    40  misc.o(i.SysTick_CLKSourceConfig)
    SysTick_Handler                          0x0800322d   Thumb Code     2  stm32f10x_it.o(i.SysTick_Handler)
    SystemInit                               0x08003231   Thumb Code    78  system_stm32f10x.o(i.SystemInit)
    TEMP_Value_Conversion                    0x08003291   Thumb Code    70  main.o(i.TEMP_Value_Conversion)
    TIM2_ENABLE_6S                           0x080032ed   Thumb Code   118  timer2.o(i.TIM2_ENABLE_6S)
    TIM2_IRQHandler                          0x08003363   Thumb Code    26  stm32f10x_it.o(i.TIM2_IRQHandler)
    TIM3_ENABLE_2S                           0x0800337d   Thumb Code   116  timer3.o(i.TIM3_ENABLE_2S)
    TIM3_ENABLE_30S                          0x080033f5   Thumb Code   114  timer3.o(i.TIM3_ENABLE_30S)
    TIM3_IRQHandler                          0x0800346d   Thumb Code    94  stm32f10x_it.o(i.TIM3_IRQHandler)
    TIM4_IRQHandler                          0x080034d9   Thumb Code   122  stm32f10x_it.o(i.TIM4_IRQHandler)
    TIM_ClearITPendingBit                    0x08003571   Thumb Code     6  stm32f10x_tim.o(i.TIM_ClearITPendingBit)
    TIM_Cmd                                  0x08003577   Thumb Code    24  stm32f10x_tim.o(i.TIM_Cmd)
    TIM_DeInit                               0x08003591   Thumb Code   424  stm32f10x_tim.o(i.TIM_DeInit)
    TIM_GetITStatus                          0x08003779   Thumb Code    34  stm32f10x_tim.o(i.TIM_GetITStatus)
    TIM_ITConfig                             0x0800379b   Thumb Code    18  stm32f10x_tim.o(i.TIM_ITConfig)
    TIM_SetCounter                           0x080037ad   Thumb Code     4  stm32f10x_tim.o(i.TIM_SetCounter)
    TIM_TimeBaseInit                         0x080037b1   Thumb Code   122  stm32f10x_tim.o(i.TIM_TimeBaseInit)
    TxDataBuf_Deal                           0x08003855   Thumb Code    86  mqtt.o(i.TxDataBuf_Deal)
    USART2_IRQHandler                        0x080038b9   Thumb Code   104  stm32f10x_it.o(i.USART2_IRQHandler)
    USART_ClearFlag                          0x08003935   Thumb Code    18  stm32f10x_usart.o(i.USART_ClearFlag)
    USART_Cmd                                0x08003947   Thumb Code    24  stm32f10x_usart.o(i.USART_Cmd)
    USART_DeInit                             0x08003961   Thumb Code   134  stm32f10x_usart.o(i.USART_DeInit)
    USART_GetITStatus                        0x080039fd   Thumb Code    84  stm32f10x_usart.o(i.USART_GetITStatus)
    USART_ITConfig                           0x08003a51   Thumb Code    74  stm32f10x_usart.o(i.USART_ITConfig)
    USART_Init                               0x08003a9d   Thumb Code   210  stm32f10x_usart.o(i.USART_Init)
    UsageFault_Handler                       0x08003b75   Thumb Code     2  stm32f10x_it.o(i.UsageFault_Handler)
    Usart2_Init                              0x08003b79   Thumb Code   176  usart2.o(i.Usart2_Init)
    WiFi_Connect_IoTServer                   0x08003c31   Thumb Code   224  wifi.o(i.WiFi_Connect_IoTServer)
    WiFi_Connect_Server                      0x08003f15   Thumb Code   190  wifi.o(i.WiFi_Connect_Server)
    WiFi_JoinAP                              0x08004069   Thumb Code    88  wifi.o(i.WiFi_JoinAP)
    WiFi_Reset                               0x08004101   Thumb Code    98  wifi.o(i.WiFi_Reset)
    WiFi_SendCmd                             0x0800417d   Thumb Code    86  wifi.o(i.WiFi_SendCmd)
    __ARM_fpclassify                         0x080041f1   Thumb Code    40  fpclassify.o(i.__ARM_fpclassify)
    _is_digit                                0x08004219   Thumb Code    14  __printf_wp.o(i._is_digit)
    _sys_exit                                0x08004227   Thumb Code     4  usart1.o(i._sys_exit)
    adc_1                                    0x0800422d   Thumb Code    36  main.o(i.adc_1)
    delay_init                               0x08004255   Thumb Code    12  delay.o(i.delay_init)
    delay_ms                                 0x08004261   Thumb Code   242  delay.o(i.delay_ms)
    delay_us                                 0x08004359   Thumb Code    66  delay.o(i.delay_us)
    fputc                                    0x0800439d   Thumb Code    24  usart1.o(i.fputc)
    main                                     0x080043b9   Thumb Code   812  main.o(i.main)
    oeld_show                                0x08004925   Thumb Code   120  main.o(i.oeld_show)
    relay_Init                               0x080049c9   Thumb Code    38  relay.o(i.relay_Init)
    set_temp_humid                           0x080049f5   Thumb Code   104  main.o(i.set_temp_humid)
    tim4_init                                0x08004aa5   Thumb Code    98  timer4.o(i.tim4_init)
    u1_printf                                0x08004b0d   Thumb Code    84  usart1.o(i.u1_printf)
    u2_TxData                                0x08004b69   Thumb Code    58  usart2.o(i.u2_TxData)
    u2_printf                                0x08004ba9   Thumb Code    84  usart2.o(i.u2_printf)
    usart1_init                              0x08004c05   Thumb Code   118  usart1.o(i.usart1_init)
    utils_hb2hex                             0x08004c85   Thumb Code    24  utils_md5.o(i.utils_hb2hex)
    utils_hmac_sha1                          0x08004c9d   Thumb Code   232  utils_hmac.o(i.utils_hmac_sha1)
    utils_sha1_finish                        0x08004d85   Thumb Code   228  utils_sha1.o(i.utils_sha1_finish)
    utils_sha1_init                          0x08004e6d   Thumb Code    14  utils_sha1.o(i.utils_sha1_init)
    utils_sha1_process                       0x08004e7d   Thumb Code  6420  utils_sha1.o(i.utils_sha1_process)
    utils_sha1_starts                        0x08006799   Thumb Code    30  utils_sha1.o(i.utils_sha1_starts)
    utils_sha1_update                        0x080067c5   Thumb Code   124  utils_sha1.o(i.utils_sha1_update)
    wifi_reset_io_init                       0x08006841   Thumb Code    48  wifi.o(i.wifi_reset_io_init)
    _get_lc_numeric                          0x08006875   Thumb Code    44  lc_numeric_c.o(locale$$code)
    _get_lc_ctype                            0x080068a1   Thumb Code    44  lc_ctype_c.o(locale$$code)
    __aeabi_d2f                              0x080068cd   Thumb Code     0  d2f.o(x$fpl$d2f)
    _d2f                                     0x080068cd   Thumb Code    98  d2f.o(x$fpl$d2f)
    __aeabi_ddiv                             0x08006931   Thumb Code     0  ddiv.o(x$fpl$ddiv)
    _ddiv                                    0x08006931   Thumb Code   552  ddiv.o(x$fpl$ddiv)
    __aeabi_i2d                              0x08006be1   Thumb Code     0  dflt_clz.o(x$fpl$dflt)
    _dflt                                    0x08006be1   Thumb Code    46  dflt_clz.o(x$fpl$dflt)
    __aeabi_dmul                             0x08006c11   Thumb Code     0  dmul.o(x$fpl$dmul)
    _dmul                                    0x08006c11   Thumb Code   332  dmul.o(x$fpl$dmul)
    __fpl_dnaninf                            0x08006d65   Thumb Code   156  dnaninf.o(x$fpl$dnaninf)
    __fpl_dretinf                            0x08006e01   Thumb Code    12  dretinf.o(x$fpl$dretinf)
    __aeabi_f2d                              0x08006e0d   Thumb Code     0  f2d.o(x$fpl$f2d)
    _f2d                                     0x08006e0d   Thumb Code    86  f2d.o(x$fpl$f2d)
    __fpl_fnaninf                            0x08006e63   Thumb Code   140  fnaninf.o(x$fpl$fnaninf)
    __fpl_fretinf                            0x08006eef   Thumb Code    10  fretinf.o(x$fpl$fretinf)
    _printf_fp_dec                           0x08006ef9   Thumb Code     4  printf1.o(x$fpl$printf1)
    OLED_F8x16                               0x08006efc   Data        1520  oled.o(.constdata)
    __I$use$fp                               0x08006efc   Number         0  usenofp.o(x$fpl$usenofp)
    Region$$Table$$Base                      0x080076c0   Number         0  anon$$obj.o(Region$$Table)
    Region$$Table$$Limit                     0x080076e0   Number         0  anon$$obj.o(Region$$Table)
    __ctype                                  0x08007709   Data           0  lc_ctype_c.o(locale$$data)
    humiH                                    0x20000000   Data           1  main.o(.data)
    humiL                                    0x20000001   Data           1  main.o(.data)
    tempH                                    0x20000002   Data           1  main.o(.data)
    tempL                                    0x20000003   Data           1  main.o(.data)
    NH3                                      0x20000004   Data           1  main.o(.data)
    nh3                                      0x20000005   Data           1  main.o(.data)
    lsens                                    0x20000006   Data           1  main.o(.data)
    pressure                                 0x20000007   Data           1  main.o(.data)
    gas                                      0x20000008   Data           1  main.o(.data)
    Air_Quality                              0x20000009   Data           1  main.o(.data)
    temp_data                                0x2000000c   Data           4  main.o(.data)
    Usart2_RxCompleted                       0x20000024   Data           1  usart2.o(.data)
    Usart2_RxCounter                         0x20000028   Data           4  usart2.o(.data)
    __stdout                                 0x2000002c   Data           4  usart1.o(.data)
    MQTT_RxDataInPtr                         0x20000030   Data           4  mqtt.o(.data)
    MQTT_RxDataOutPtr                        0x20000034   Data           4  mqtt.o(.data)
    MQTT_RxDataEndPtr                        0x20000038   Data           4  mqtt.o(.data)
    MQTT_TxDataInPtr                         0x2000003c   Data           4  mqtt.o(.data)
    MQTT_TxDataOutPtr                        0x20000040   Data           4  mqtt.o(.data)
    MQTT_TxDataEndPtr                        0x20000044   Data           4  mqtt.o(.data)
    MQTT_CMDInPtr                            0x20000048   Data           4  mqtt.o(.data)
    MQTT_CMDOutPtr                           0x2000004c   Data           4  mqtt.o(.data)
    MQTT_CMDEndPtr                           0x20000050   Data           4  mqtt.o(.data)
    ClientID_len                             0x20000054   Data           4  mqtt.o(.data)
    Username_len                             0x20000058   Data           4  mqtt.o(.data)
    Passward_len                             0x2000005c   Data           4  mqtt.o(.data)
    ServerPort                               0x20000060   Data           4  mqtt.o(.data)
    Fixed_len                                0x20000064   Data           4  mqtt.o(.data)
    Variable_len                             0x20000068   Data           4  mqtt.o(.data)
    Payload_len                              0x2000006c   Data           4  mqtt.o(.data)
    Ping_flag                                0x20000070   Data           1  mqtt.o(.data)
    Connect_flag                             0x20000071   Data           1  mqtt.o(.data)
    ConnectPack_flag                         0x20000072   Data           1  mqtt.o(.data)
    SubcribePack_flag                        0x20000073   Data           1  mqtt.o(.data)
    Hzk                                      0x20000074   Data         640  oled.o(.data)
    AD_Value                                 0x200002f4   Data           8  ad.o(.data)
    ucbuf                                    0x200002fc   Data          17  main.o(.bss)
    Usart2_RxBuff                            0x20000310   Data        4096  usart2.o(.bss)
    USART2_TxBuff                            0x20001310   Data        4096  usart2.o(.bss)
    Usart1_TxBuff                            0x20002310   Data         256  usart1.o(.bss)
    MQTT_RxDataBuf                           0x20002410   Data        1500  mqtt.o(.bss)
    MQTT_TxDataBuf                           0x200029ec   Data        1500  mqtt.o(.bss)
    MQTT_CMDBuf                              0x20002fc8   Data        1500  mqtt.o(.bss)
    ClientID                                 0x200035a4   Data         128  mqtt.o(.bss)
    Username                                 0x20003624   Data         128  mqtt.o(.bss)
    Passward                                 0x200036a4   Data         128  mqtt.o(.bss)
    ServerIP                                 0x20003724   Data         128  mqtt.o(.bss)
    temp_buff                                0x200037a4   Data         300  mqtt.o(.bss)
    __libspace_start                         0x200038d0   Data          96  libspace.o(.bss)
    __temporary_stack_top$libspace           0x20003930   Data           0  libspace.o(.bss)



==============================================================================

Memory Map of the image

  Image Entry point : 0x0800027d

  Load Region LR_1 (Base: 0x08000000, Size: 0x00007b08, Max: 0xffffffff, ABSOLUTE, COMPRESSED[0x00007910])

    Execution Region ER_RO (Exec base: 0x08000000, Load base: 0x08000000, Size: 0x0000780c, Max: 0xffffffff, ABSOLUTE)

    Exec Addr    Load Addr    Size         Type   Attr      Idx    E Section Name        Object

    0x08000000   0x08000000   0x000000ec   Data   RO          400    RESET               startup_stm32f10x_md.o
    0x080000ec   0x080000ec   0x00000008   Code   RO         4283  * !!!main             c_w.l(__main.o)
    0x080000f4   0x080000f4   0x00000034   Code   RO         4593    !!!scatter          c_w.l(__scatter.o)
    0x08000128   0x08000128   0x00000064   Code   RO         4591    !!dclz77c           c_w.l(__dclz77c.o)
    0x0800018c   0x0800018c   0x0000001c   Code   RO         4595    !!handler_zi        c_w.l(__scatter_zi.o)
    0x080001a8   0x080001a8   0x00000000   Code   RO         4266    .ARM.Collect$$_printf_percent$$00000000  c_w.l(_printf_percent.o)
    0x080001a8   0x080001a8   0x00000006   Code   RO         4355    .ARM.Collect$$_printf_percent$$00000001  c_w.l(_printf_n.o)
    0x080001ae   0x080001ae   0x00000006   Code   RO         4357    .ARM.Collect$$_printf_percent$$00000002  c_w.l(_printf_p.o)
    0x080001b4   0x080001b4   0x00000006   Code   RO         4265    .ARM.Collect$$_printf_percent$$00000003  c_w.l(_printf_f.o)
    0x080001ba   0x080001ba   0x00000006   Code   RO         4361    .ARM.Collect$$_printf_percent$$00000004  c_w.l(_printf_e.o)
    0x080001c0   0x080001c0   0x00000006   Code   RO         4362    .ARM.Collect$$_printf_percent$$00000005  c_w.l(_printf_g.o)
    0x080001c6   0x080001c6   0x00000006   Code   RO         4363    .ARM.Collect$$_printf_percent$$00000006  c_w.l(_printf_a.o)
    0x080001cc   0x080001cc   0x0000000a   Code   RO         4368    .ARM.Collect$$_printf_percent$$00000007  c_w.l(_printf_ll.o)
    0x080001d6   0x080001d6   0x00000006   Code   RO         4359    .ARM.Collect$$_printf_percent$$00000008  c_w.l(_printf_i.o)
    0x080001dc   0x080001dc   0x00000006   Code   RO         4264    .ARM.Collect$$_printf_percent$$00000009  c_w.l(_printf_d.o)
    0x080001e2   0x080001e2   0x00000006   Code   RO         4360    .ARM.Collect$$_printf_percent$$0000000A  c_w.l(_printf_u.o)
    0x080001e8   0x080001e8   0x00000006   Code   RO         4358    .ARM.Collect$$_printf_percent$$0000000B  c_w.l(_printf_o.o)
    0x080001ee   0x080001ee   0x00000006   Code   RO         4356    .ARM.Collect$$_printf_percent$$0000000C  c_w.l(_printf_x.o)
    0x080001f4   0x080001f4   0x00000006   Code   RO         4365    .ARM.Collect$$_printf_percent$$0000000D  c_w.l(_printf_lli.o)
    0x080001fa   0x080001fa   0x00000006   Code   RO         4366    .ARM.Collect$$_printf_percent$$0000000E  c_w.l(_printf_lld.o)
    0x08000200   0x08000200   0x00000006   Code   RO         4367    .ARM.Collect$$_printf_percent$$0000000F  c_w.l(_printf_llu.o)
    0x08000206   0x08000206   0x00000006   Code   RO         4372    .ARM.Collect$$_printf_percent$$00000010  c_w.l(_printf_llo.o)
    0x0800020c   0x0800020c   0x00000006   Code   RO         4373    .ARM.Collect$$_printf_percent$$00000011  c_w.l(_printf_llx.o)
    0x08000212   0x08000212   0x0000000a   Code   RO         4369    .ARM.Collect$$_printf_percent$$00000012  c_w.l(_printf_l.o)
    0x0800021c   0x0800021c   0x00000006   Code   RO         4354    .ARM.Collect$$_printf_percent$$00000013  c_w.l(_printf_c.o)
    0x08000222   0x08000222   0x00000006   Code   RO         4263    .ARM.Collect$$_printf_percent$$00000014  c_w.l(_printf_s.o)
    0x08000228   0x08000228   0x00000006   Code   RO         4370    .ARM.Collect$$_printf_percent$$00000015  c_w.l(_printf_lc.o)
    0x0800022e   0x0800022e   0x00000006   Code   RO         4371    .ARM.Collect$$_printf_percent$$00000016  c_w.l(_printf_ls.o)
    0x08000234   0x08000234   0x00000004   Code   RO         4364    .ARM.Collect$$_printf_percent$$00000017  c_w.l(_printf_percent_end.o)
    0x08000238   0x08000238   0x00000002   Code   RO         4465    .ARM.Collect$$libinit$$00000000  c_w.l(libinit.o)
    0x0800023a   0x0800023a   0x00000000   Code   RO         4467    .ARM.Collect$$libinit$$00000002  c_w.l(libinit2.o)
    0x0800023a   0x0800023a   0x00000000   Code   RO         4469    .ARM.Collect$$libinit$$00000004  c_w.l(libinit2.o)
    0x0800023a   0x0800023a   0x00000000   Code   RO         4472    .ARM.Collect$$libinit$$0000000A  c_w.l(libinit2.o)
    0x0800023a   0x0800023a   0x00000000   Code   RO         4474    .ARM.Collect$$libinit$$0000000C  c_w.l(libinit2.o)
    0x0800023a   0x0800023a   0x00000000   Code   RO         4476    .ARM.Collect$$libinit$$0000000E  c_w.l(libinit2.o)
    0x0800023a   0x0800023a   0x00000006   Code   RO         4477    .ARM.Collect$$libinit$$0000000F  c_w.l(libinit2.o)
    0x08000240   0x08000240   0x00000000   Code   RO         4479    .ARM.Collect$$libinit$$00000011  c_w.l(libinit2.o)
    0x08000240   0x08000240   0x0000000c   Code   RO         4480    .ARM.Collect$$libinit$$00000012  c_w.l(libinit2.o)
    0x0800024c   0x0800024c   0x00000000   Code   RO         4481    .ARM.Collect$$libinit$$00000013  c_w.l(libinit2.o)
    0x0800024c   0x0800024c   0x00000000   Code   RO         4483    .ARM.Collect$$libinit$$00000015  c_w.l(libinit2.o)
    0x0800024c   0x0800024c   0x0000000a   Code   RO         4484    .ARM.Collect$$libinit$$00000016  c_w.l(libinit2.o)
    0x08000256   0x08000256   0x00000000   Code   RO         4485    .ARM.Collect$$libinit$$00000017  c_w.l(libinit2.o)
    0x08000256   0x08000256   0x00000000   Code   RO         4487    .ARM.Collect$$libinit$$00000019  c_w.l(libinit2.o)
    0x08000256   0x08000256   0x00000000   Code   RO         4489    .ARM.Collect$$libinit$$0000001B  c_w.l(libinit2.o)
    0x08000256   0x08000256   0x00000000   Code   RO         4491    .ARM.Collect$$libinit$$0000001D  c_w.l(libinit2.o)
    0x08000256   0x08000256   0x00000000   Code   RO         4493    .ARM.Collect$$libinit$$0000001F  c_w.l(libinit2.o)
    0x08000256   0x08000256   0x00000000   Code   RO         4495    .ARM.Collect$$libinit$$00000021  c_w.l(libinit2.o)
    0x08000256   0x08000256   0x00000000   Code   RO         4497    .ARM.Collect$$libinit$$00000023  c_w.l(libinit2.o)
    0x08000256   0x08000256   0x00000000   Code   RO         4499    .ARM.Collect$$libinit$$00000025  c_w.l(libinit2.o)
    0x08000256   0x08000256   0x00000000   Code   RO         4503    .ARM.Collect$$libinit$$0000002C  c_w.l(libinit2.o)
    0x08000256   0x08000256   0x00000000   Code   RO         4505    .ARM.Collect$$libinit$$0000002E  c_w.l(libinit2.o)
    0x08000256   0x08000256   0x00000000   Code   RO         4507    .ARM.Collect$$libinit$$00000030  c_w.l(libinit2.o)
    0x08000256   0x08000256   0x00000000   Code   RO         4509    .ARM.Collect$$libinit$$00000032  c_w.l(libinit2.o)
    0x08000256   0x08000256   0x00000002   Code   RO         4510    .ARM.Collect$$libinit$$00000033  c_w.l(libinit2.o)
    0x08000258   0x08000258   0x00000002   Code   RO         4541    .ARM.Collect$$libshutdown$$00000000  c_w.l(libshutdown.o)
    0x0800025a   0x0800025a   0x00000000   Code   RO         4550    .ARM.Collect$$libshutdown$$00000002  c_w.l(libshutdown2.o)
    0x0800025a   0x0800025a   0x00000000   Code   RO         4552    .ARM.Collect$$libshutdown$$00000004  c_w.l(libshutdown2.o)
    0x0800025a   0x0800025a   0x00000000   Code   RO         4555    .ARM.Collect$$libshutdown$$00000007  c_w.l(libshutdown2.o)
    0x0800025a   0x0800025a   0x00000000   Code   RO         4558    .ARM.Collect$$libshutdown$$0000000A  c_w.l(libshutdown2.o)
    0x0800025a   0x0800025a   0x00000000   Code   RO         4560    .ARM.Collect$$libshutdown$$0000000C  c_w.l(libshutdown2.o)
    0x0800025a   0x0800025a   0x00000000   Code   RO         4563    .ARM.Collect$$libshutdown$$0000000F  c_w.l(libshutdown2.o)
    0x0800025a   0x0800025a   0x00000002   Code   RO         4564    .ARM.Collect$$libshutdown$$00000010  c_w.l(libshutdown2.o)
    0x0800025c   0x0800025c   0x00000000   Code   RO         4305    .ARM.Collect$$rtentry$$00000000  c_w.l(__rtentry.o)
    0x0800025c   0x0800025c   0x00000000   Code   RO         4384    .ARM.Collect$$rtentry$$00000002  c_w.l(__rtentry2.o)
    0x0800025c   0x0800025c   0x00000006   Code   RO         4396    .ARM.Collect$$rtentry$$00000004  c_w.l(__rtentry4.o)
    0x08000262   0x08000262   0x00000000   Code   RO         4386    .ARM.Collect$$rtentry$$00000009  c_w.l(__rtentry2.o)
    0x08000262   0x08000262   0x00000004   Code   RO         4387    .ARM.Collect$$rtentry$$0000000A  c_w.l(__rtentry2.o)
    0x08000266   0x08000266   0x00000000   Code   RO         4389    .ARM.Collect$$rtentry$$0000000C  c_w.l(__rtentry2.o)
    0x08000266   0x08000266   0x00000008   Code   RO         4390    .ARM.Collect$$rtentry$$0000000D  c_w.l(__rtentry2.o)
    0x0800026e   0x0800026e   0x00000002   Code   RO         4511    .ARM.Collect$$rtexit$$00000000  c_w.l(rtexit.o)
    0x08000270   0x08000270   0x00000000   Code   RO         4521    .ARM.Collect$$rtexit$$00000002  c_w.l(rtexit2.o)
    0x08000270   0x08000270   0x00000004   Code   RO         4522    .ARM.Collect$$rtexit$$00000003  c_w.l(rtexit2.o)
    0x08000274   0x08000274   0x00000006   Code   RO         4523    .ARM.Collect$$rtexit$$00000004  c_w.l(rtexit2.o)
    0x0800027a   0x0800027a   0x00000002   PAD
    0x0800027c   0x0800027c   0x00000040   Code   RO          401  * .text               startup_stm32f10x_md.o
    0x080002bc   0x080002bc   0x00000002   Code   RO         4223    .text               c_w.l(use_no_semi_2.o)
    0x080002be   0x080002be   0x00000002   PAD
    0x080002c0   0x080002c0   0x00000024   Code   RO         4225    .text               c_w.l(c89vsprintf.o)
    0x080002e4   0x080002e4   0x00000018   Code   RO         4227    .text               c_w.l(__2printf.o)
    0x080002fc   0x080002fc   0x0000002c   Code   RO         4229    .text               c_w.l(__2sprintf.o)
    0x08000328   0x08000328   0x0000004e   Code   RO         4237    .text               c_w.l(_printf_pad.o)
    0x08000376   0x08000376   0x00000052   Code   RO         4239    .text               c_w.l(_printf_str.o)
    0x080003c8   0x080003c8   0x00000078   Code   RO         4241    .text               c_w.l(_printf_dec.o)
    0x08000440   0x08000440   0x00000188   Code   RO         4260    .text               c_w.l(__printf_flags_ss_wp.o)
    0x080005c8   0x080005c8   0x00000024   Code   RO         4267    .text               c_w.l(strstr.o)
    0x080005ec   0x080005ec   0x0000003e   Code   RO         4269    .text               c_w.l(strlen.o)
    0x0800062a   0x0800062a   0x0000008a   Code   RO         4271    .text               c_w.l(rt_memcpy_v6.o)
    0x080006b4   0x080006b4   0x00000064   Code   RO         4273    .text               c_w.l(rt_memcpy_w.o)
    0x08000718   0x08000718   0x00000010   Code   RO         4275    .text               c_w.l(aeabi_memset.o)
    0x08000728   0x08000728   0x00000044   Code   RO         4277    .text               c_w.l(rt_memclr.o)
    0x0800076c   0x0800076c   0x0000004e   Code   RO         4279    .text               c_w.l(rt_memclr_w.o)
    0x080007ba   0x080007ba   0x00000006   Code   RO         4281    .text               c_w.l(heapauxi.o)
    0x080007c0   0x080007c0   0x00000002   Code   RO         4303    .text               c_w.l(use_no_semi.o)
    0x080007c2   0x080007c2   0x00000024   Code   RO         4306    .text               c_w.l(_printf_truncate.o)
    0x080007e6   0x080007e6   0x000000b2   Code   RO         4308    .text               c_w.l(_printf_intcommon.o)
    0x08000898   0x08000898   0x00000028   Code   RO         4310    .text               c_w.l(_printf_charcount.o)
    0x080008c0   0x080008c0   0x0000041e   Code   RO         4312    .text               c_w.l(_printf_fp_dec.o)
    0x08000cde   0x08000cde   0x00000002   PAD
    0x08000ce0   0x08000ce0   0x00000030   Code   RO         4314    .text               c_w.l(_printf_char_common.o)
    0x08000d10   0x08000d10   0x0000000a   Code   RO         4316    .text               c_w.l(_sputc.o)
    0x08000d1a   0x08000d1a   0x0000002c   Code   RO         4318    .text               c_w.l(_printf_char.o)
    0x08000d46   0x08000d46   0x00000002   PAD
    0x08000d48   0x08000d48   0x00000024   Code   RO         4320    .text               c_w.l(_printf_char_file.o)
    0x08000d6c   0x08000d6c   0x000000bc   Code   RO         4322    .text               c_w.l(_printf_wctomb.o)
    0x08000e28   0x08000e28   0x0000007c   Code   RO         4325    .text               c_w.l(_printf_longlong_dec.o)
    0x08000ea4   0x08000ea4   0x00000070   Code   RO         4331    .text               c_w.l(_printf_oct_int_ll.o)
    0x08000f14   0x08000f14   0x00000094   Code   RO         4351    .text               c_w.l(_printf_hex_int_ll_ptr.o)
    0x08000fa8   0x08000fa8   0x00000008   Code   RO         4401    .text               c_w.l(rt_locale_intlibspace.o)
    0x08000fb0   0x08000fb0   0x0000008a   Code   RO         4403    .text               c_w.l(lludiv10.o)
    0x0800103a   0x0800103a   0x00000002   PAD
    0x0800103c   0x0800103c   0x00000080   Code   RO         4405    .text               c_w.l(_printf_fp_infnan.o)
    0x080010bc   0x080010bc   0x0000002c   Code   RO         4409    .text               c_w.l(_printf_wchar.o)
    0x080010e8   0x080010e8   0x000000e4   Code   RO         4411    .text               c_w.l(bigflt0.o)
    0x080011cc   0x080011cc   0x00000008   Code   RO         4436    .text               c_w.l(ferror.o)
    0x080011d4   0x080011d4   0x00000040   Code   RO         4440    .text               c_w.l(_wcrtomb.o)
    0x08001214   0x08001214   0x00000008   Code   RO         4449    .text               c_w.l(libspace.o)
    0x0800121c   0x0800121c   0x0000004a   Code   RO         4452    .text               c_w.l(sys_stackheap_outer.o)
    0x08001266   0x08001266   0x00000002   PAD
    0x08001268   0x08001268   0x00000010   Code   RO         4454    .text               c_w.l(rt_ctype_table.o)
    0x08001278   0x08001278   0x00000012   Code   RO         4456    .text               c_w.l(exit.o)
    0x0800128a   0x0800128a   0x00000002   PAD
    0x0800128c   0x0800128c   0x00000080   Code   RO         4458    .text               c_w.l(strcmpv7m.o)
    0x0800130c   0x0800130c   0x0000003e   Code   RO         4414    CL$$btod_d2e        c_w.l(btod.o)
    0x0800134a   0x0800134a   0x00000046   Code   RO         4416    CL$$btod_d2e_denorm_low  c_w.l(btod.o)
    0x08001390   0x08001390   0x00000060   Code   RO         4415    CL$$btod_d2e_norm_op1  c_w.l(btod.o)
    0x080013f0   0x080013f0   0x00000338   Code   RO         4424    CL$$btod_div_common  c_w.l(btod.o)
    0x08001728   0x08001728   0x000000dc   Code   RO         4421    CL$$btod_e2e        c_w.l(btod.o)
    0x08001804   0x08001804   0x0000002a   Code   RO         4418    CL$$btod_ediv       c_w.l(btod.o)
    0x0800182e   0x0800182e   0x0000002a   Code   RO         4417    CL$$btod_emul       c_w.l(btod.o)
    0x08001858   0x08001858   0x00000244   Code   RO         4423    CL$$btod_mult_common  c_w.l(btod.o)
    0x08001a9c   0x08001a9c   0x00000016   Code   RO          447    i.ADC_Cmd           stm32f10x_adc.o
    0x08001ab2   0x08001ab2   0x00000016   Code   RO          448    i.ADC_DMACmd        stm32f10x_adc.o
    0x08001ac8   0x08001ac8   0x00000014   Code   RO          455    i.ADC_GetCalibrationStatus  stm32f10x_adc.o
    0x08001adc   0x08001adc   0x00000014   Code   RO          461    i.ADC_GetResetCalibrationStatus  stm32f10x_adc.o
    0x08001af0   0x08001af0   0x00000050   Code   RO          465    i.ADC_Init          stm32f10x_adc.o
    0x08001b40   0x08001b40   0x000000b8   Code   RO          469    i.ADC_RegularChannelConfig  stm32f10x_adc.o
    0x08001bf8   0x08001bf8   0x0000000a   Code   RO          470    i.ADC_ResetCalibration  stm32f10x_adc.o
    0x08001c02   0x08001c02   0x00000016   Code   RO          472    i.ADC_SoftwareStartConvCmd  stm32f10x_adc.o
    0x08001c18   0x08001c18   0x0000000a   Code   RO          474    i.ADC_StartCalibration  stm32f10x_adc.o
    0x08001c22   0x08001c22   0x00000002   PAD
    0x08001c24   0x08001c24   0x00000124   Code   RO         3950    i.AD_Init           ad.o
    0x08001d48   0x08001d48   0x000001dc   Code   RO         3502    i.AliIoT_Parameter_Init  mqtt.o
    0x08001f24   0x08001f24   0x00000038   Code   RO         3857    i.BEEP_Init         beep.o
    0x08001f5c   0x08001f5c   0x00000002   Code   RO          206    i.BusFault_Handler  stm32f10x_it.o
    0x08001f5e   0x08001f5e   0x00000002   PAD
    0x08001f60   0x08001f60   0x0000006c   Code   RO         3503    i.CMDBuf_Deal       mqtt.o
    0x08001fcc   0x08001fcc   0x00000064   Code   RO         3688    i.DHT11_Check       dht11.o
    0x08002030   0x08002030   0x00000040   Code   RO         3689    i.DHT11_Init        dht11.o
    0x08002070   0x08002070   0x0000004c   Code   RO         3690    i.DHT11_Read_Bit    dht11.o
    0x080020bc   0x080020bc   0x0000001e   Code   RO         3691    i.DHT11_Read_Byte   dht11.o
    0x080020da   0x080020da   0x0000008a   Code   RO         3692    i.DHT11_Read_Data   dht11.o
    0x08002164   0x08002164   0x00000040   Code   RO         3693    i.DHT11_Rst         dht11.o
    0x080021a4   0x080021a4   0x00000018   Code   RO         1132    i.DMA_Cmd           stm32f10x_dma.o
    0x080021bc   0x080021bc   0x0000003c   Code   RO         1138    i.DMA_Init          stm32f10x_dma.o
    0x080021f8   0x080021f8   0x00000038   Code   RO         3881    i.DS18B20_GPIO_Config  ds18b20.o
    0x08002230   0x08002230   0x00000088   Code   RO         3882    i.DS18B20_Get_Temp  ds18b20.o
    0x080022b8   0x080022b8   0x00000010   Code   RO         3883    i.DS18B20_Init      ds18b20.o
    0x080022c8   0x080022c8   0x00000020   Code   RO         3884    i.DS18B20_Mode_IPU  ds18b20.o
    0x080022e8   0x080022e8   0x00000024   Code   RO         3885    i.DS18B20_Mode_Out_PP  ds18b20.o
    0x0800230c   0x0800230c   0x0000005c   Code   RO         3886    i.DS18B20_Presence  ds18b20.o
    0x08002368   0x08002368   0x0000003c   Code   RO         3887    i.DS18B20_Read_Bit  ds18b20.o
    0x080023a4   0x080023a4   0x00000022   Code   RO         3888    i.DS18B20_Read_Byte  ds18b20.o
    0x080023c6   0x080023c6   0x00000002   PAD
    0x080023c8   0x080023c8   0x00000030   Code   RO         3889    i.DS18B20_Rst       ds18b20.o
    0x080023f8   0x080023f8   0x00000064   Code   RO         3891    i.DS18B20_Write_Byte  ds18b20.o
    0x0800245c   0x0800245c   0x00000002   Code   RO          207    i.DebugMon_Handler  stm32f10x_it.o
    0x0800245e   0x0800245e   0x00000116   Code   RO         1556    i.GPIO_Init         stm32f10x_gpio.o
    0x08002574   0x08002574   0x00000012   Code   RO         1560    i.GPIO_ReadInputDataBit  stm32f10x_gpio.o
    0x08002586   0x08002586   0x00000004   Code   RO         1563    i.GPIO_ResetBits    stm32f10x_gpio.o
    0x0800258a   0x0800258a   0x00000004   Code   RO         1564    i.GPIO_SetBits      stm32f10x_gpio.o
    0x0800258e   0x0800258e   0x0000000a   Code   RO         1567    i.GPIO_WriteBit     stm32f10x_gpio.o
    0x08002598   0x08002598   0x00000002   Code   RO          208    i.HardFault_Handler  stm32f10x_it.o
    0x0800259a   0x0800259a   0x00000002   PAD
    0x0800259c   0x0800259c   0x00000034   Code   RO         3730    i.LED_Init          led.o
    0x080025d0   0x080025d0   0x000000c0   Code   RO         3504    i.MQTT_Buff_Init    mqtt.o
    0x08002690   0x08002690   0x00000218   Code   RO         3505    i.MQTT_ConectPack   mqtt.o
    0x080028a8   0x080028a8   0x00000108   Code   RO         3506    i.MQTT_DealPushdata_Qs0  mqtt.o
    0x080029b0   0x080029b0   0x0000001c   Code   RO         3507    i.MQTT_PingREQ      mqtt.o
    0x080029cc   0x080029cc   0x000000ec   Code   RO         3508    i.MQTT_PublishQs0   mqtt.o
    0x08002ab8   0x08002ab8   0x00000098   Code   RO         3509    i.MQTT_Subscribe    mqtt.o
    0x08002b50   0x08002b50   0x00000002   Code   RO          209    i.MemManage_Handler  stm32f10x_it.o
    0x08002b52   0x08002b52   0x00000002   Code   RO          210    i.NMI_Handler       stm32f10x_it.o
    0x08002b54   0x08002b54   0x00000070   Code   RO          405    i.NVIC_Init         misc.o
    0x08002bc4   0x08002bc4   0x00000014   Code   RO          406    i.NVIC_PriorityGroupConfig  misc.o
    0x08002bd8   0x08002bd8   0x0000002a   Code   RO         3742    i.OLED_Clear        oled.o
    0x08002c02   0x08002c02   0x00000002   PAD
    0x08002c04   0x08002c04   0x00000050   Code   RO         3743    i.OLED_I2C_Init     oled.o
    0x08002c54   0x08002c54   0x00000054   Code   RO         3744    i.OLED_I2C_SendByte  oled.o
    0x08002ca8   0x08002ca8   0x00000034   Code   RO         3745    i.OLED_I2C_Start    oled.o
    0x08002cdc   0x08002cdc   0x00000028   Code   RO         3746    i.OLED_I2C_Stop     oled.o
    0x08002d04   0x08002d04   0x000000ae   Code   RO         3747    i.OLED_Init         oled.o
    0x08002db2   0x08002db2   0x00000014   Code   RO         3748    i.OLED_Pow          oled.o
    0x08002dc6   0x08002dc6   0x00000022   Code   RO         3749    i.OLED_SetCursor    oled.o
    0x08002de8   0x08002de8   0x00000080   Code   RO         3751    i.OLED_ShowCHinese  oled.o
    0x08002e68   0x08002e68   0x00000074   Code   RO         3752    i.OLED_ShowChar     oled.o
    0x08002edc   0x08002edc   0x00000044   Code   RO         3754    i.OLED_ShowNum      oled.o
    0x08002f20   0x08002f20   0x00000028   Code   RO         3756    i.OLED_ShowString   oled.o
    0x08002f48   0x08002f48   0x00000020   Code   RO         3757    i.OLED_WriteCommand  oled.o
    0x08002f68   0x08002f68   0x00000020   Code   RO         3758    i.OLED_WriteData    oled.o
    0x08002f88   0x08002f88   0x00000002   Code   RO          211    i.PendSV_Handler    stm32f10x_it.o
    0x08002f8a   0x08002f8a   0x00000002   PAD
    0x08002f8c   0x08002f8c   0x00000018   Code   RO         1970    i.RCC_ADCCLKConfig  stm32f10x_rcc.o
    0x08002fa4   0x08002fa4   0x00000020   Code   RO         1971    i.RCC_AHBPeriphClockCmd  stm32f10x_rcc.o
    0x08002fc4   0x08002fc4   0x00000020   Code   RO         1972    i.RCC_APB1PeriphClockCmd  stm32f10x_rcc.o
    0x08002fe4   0x08002fe4   0x00000020   Code   RO         1973    i.RCC_APB1PeriphResetCmd  stm32f10x_rcc.o
    0x08003004   0x08003004   0x00000020   Code   RO         1974    i.RCC_APB2PeriphClockCmd  stm32f10x_rcc.o
    0x08003024   0x08003024   0x00000020   Code   RO         1975    i.RCC_APB2PeriphResetCmd  stm32f10x_rcc.o
    0x08003044   0x08003044   0x000000d4   Code   RO         1982    i.RCC_GetClocksFreq  stm32f10x_rcc.o
    0x08003118   0x08003118   0x00000002   Code   RO          212    i.SVC_Handler       stm32f10x_it.o
    0x0800311a   0x0800311a   0x00000008   Code   RO          299    i.SetSysClock       system_stm32f10x.o
    0x08003122   0x08003122   0x00000002   PAD
    0x08003124   0x08003124   0x000000e0   Code   RO          300    i.SetSysClockTo72   system_stm32f10x.o
    0x08003204   0x08003204   0x00000028   Code   RO          409    i.SysTick_CLKSourceConfig  misc.o
    0x0800322c   0x0800322c   0x00000002   Code   RO          213    i.SysTick_Handler   stm32f10x_it.o
    0x0800322e   0x0800322e   0x00000002   PAD
    0x08003230   0x08003230   0x00000060   Code   RO          302    i.SystemInit        system_stm32f10x.o
    0x08003290   0x08003290   0x0000005c   Code   RO            1    i.TEMP_Value_Conversion  main.o
    0x080032ec   0x080032ec   0x00000076   Code   RO         3676    i.TIM2_ENABLE_6S    timer2.o
    0x08003362   0x08003362   0x0000001a   Code   RO          214    i.TIM2_IRQHandler   stm32f10x_it.o
    0x0800337c   0x0800337c   0x00000078   Code   RO         3640    i.TIM3_ENABLE_2S    timer3.o
    0x080033f4   0x080033f4   0x00000078   Code   RO         3641    i.TIM3_ENABLE_30S   timer3.o
    0x0800346c   0x0800346c   0x0000006c   Code   RO          215    i.TIM3_IRQHandler   stm32f10x_it.o
    0x080034d8   0x080034d8   0x00000098   Code   RO          216    i.TIM4_IRQHandler   stm32f10x_it.o
    0x08003570   0x08003570   0x00000006   Code   RO         2601    i.TIM_ClearITPendingBit  stm32f10x_tim.o
    0x08003576   0x08003576   0x00000018   Code   RO         2606    i.TIM_Cmd           stm32f10x_tim.o
    0x0800358e   0x0800358e   0x00000002   PAD
    0x08003590   0x08003590   0x000001e8   Code   RO         2611    i.TIM_DeInit        stm32f10x_tim.o
    0x08003778   0x08003778   0x00000022   Code   RO         2627    i.TIM_GetITStatus   stm32f10x_tim.o
    0x0800379a   0x0800379a   0x00000012   Code   RO         2631    i.TIM_ITConfig      stm32f10x_tim.o
    0x080037ac   0x080037ac   0x00000004   Code   RO         2671    i.TIM_SetCounter    stm32f10x_tim.o
    0x080037b0   0x080037b0   0x000000a4   Code   RO         2677    i.TIM_TimeBaseInit  stm32f10x_tim.o
    0x08003854   0x08003854   0x00000064   Code   RO         3510    i.TxDataBuf_Deal    mqtt.o
    0x080038b8   0x080038b8   0x0000007c   Code   RO          217    i.USART2_IRQHandler  stm32f10x_it.o
    0x08003934   0x08003934   0x00000012   Code   RO         3138    i.USART_ClearFlag   stm32f10x_usart.o
    0x08003946   0x08003946   0x00000018   Code   RO         3142    i.USART_Cmd         stm32f10x_usart.o
    0x0800395e   0x0800395e   0x00000002   PAD
    0x08003960   0x08003960   0x0000009c   Code   RO         3144    i.USART_DeInit      stm32f10x_usart.o
    0x080039fc   0x080039fc   0x00000054   Code   RO         3146    i.USART_GetITStatus  stm32f10x_usart.o
    0x08003a50   0x08003a50   0x0000004a   Code   RO         3148    i.USART_ITConfig    stm32f10x_usart.o
    0x08003a9a   0x08003a9a   0x00000002   PAD
    0x08003a9c   0x08003a9c   0x000000d8   Code   RO         3149    i.USART_Init        stm32f10x_usart.o
    0x08003b74   0x08003b74   0x00000002   Code   RO          218    i.UsageFault_Handler  stm32f10x_it.o
    0x08003b76   0x08003b76   0x00000002   PAD
    0x08003b78   0x08003b78   0x000000b8   Code   RO         3372    i.Usart2_Init       usart2.o
    0x08003c30   0x08003c30   0x000002e4   Code   RO         3448    i.WiFi_Connect_IoTServer  wifi.o
    0x08003f14   0x08003f14   0x00000154   Code   RO         3449    i.WiFi_Connect_Server  wifi.o
    0x08004068   0x08004068   0x00000098   Code   RO         3450    i.WiFi_JoinAP       wifi.o
    0x08004100   0x08004100   0x0000007c   Code   RO         3451    i.WiFi_Reset        wifi.o
    0x0800417c   0x0800417c   0x00000074   Code   RO         3452    i.WiFi_SendCmd      wifi.o
    0x080041f0   0x080041f0   0x00000028   Code   RO         4447    i.__ARM_fpclassify  m_ws.l(fpclassify.o)
    0x08004218   0x08004218   0x0000000e   Code   RO         4253    i._is_digit         c_w.l(__printf_wp.o)
    0x08004226   0x08004226   0x00000004   Code   RO         3410    i._sys_exit         usart1.o
    0x0800422a   0x0800422a   0x00000002   PAD
    0x0800422c   0x0800422c   0x00000028   Code   RO            2    i.adc_1             main.o
    0x08004254   0x08004254   0x0000000c   Code   RO         3601    i.delay_init        delay.o
    0x08004260   0x08004260   0x000000f8   Code   RO         3602    i.delay_ms          delay.o
    0x08004358   0x08004358   0x00000042   Code   RO         3603    i.delay_us          delay.o
    0x0800439a   0x0800439a   0x00000002   PAD
    0x0800439c   0x0800439c   0x0000001c   Code   RO         3411    i.fputc             usart1.o
    0x080043b8   0x080043b8   0x0000056c   Code   RO            3    i.main              main.o
    0x08004924   0x08004924   0x000000a4   Code   RO            4    i.oeld_show         main.o
    0x080049c8   0x080049c8   0x0000002c   Code   RO         3869    i.relay_Init        relay.o
    0x080049f4   0x080049f4   0x000000b0   Code   RO            5    i.set_temp_humid    main.o
    0x08004aa4   0x08004aa4   0x00000068   Code   RO         3658    i.tim4_init         timer4.o
    0x08004b0c   0x08004b0c   0x0000005c   Code   RO         3412    i.u1_printf         usart1.o
    0x08004b68   0x08004b68   0x00000040   Code   RO         3373    i.u2_TxData         usart2.o
    0x08004ba8   0x08004ba8   0x0000005c   Code   RO         3374    i.u2_printf         usart2.o
    0x08004c04   0x08004c04   0x00000080   Code   RO         3413    i.usart1_init       usart1.o
    0x08004c84   0x08004c84   0x00000018   Code   RO         4094    i.utils_hb2hex      utils_md5.o
    0x08004c9c   0x08004c9c   0x000000e8   Code   RO         4054    i.utils_hmac_sha1   utils_hmac.o
    0x08004d84   0x08004d84   0x000000e8   Code   RO         4162    i.utils_sha1_finish  utils_sha1.o
    0x08004e6c   0x08004e6c   0x0000000e   Code   RO         4164    i.utils_sha1_init   utils_sha1.o
    0x08004e7a   0x08004e7a   0x00000002   PAD
    0x08004e7c   0x08004e7c   0x0000191c   Code   RO         4165    i.utils_sha1_process  utils_sha1.o
    0x08006798   0x08006798   0x0000002c   Code   RO         4166    i.utils_sha1_starts  utils_sha1.o
    0x080067c4   0x080067c4   0x0000007c   Code   RO         4167    i.utils_sha1_update  utils_sha1.o
    0x08006840   0x08006840   0x00000034   Code   RO         3455    i.wifi_reset_io_init  wifi.o
    0x08006874   0x08006874   0x0000002c   Code   RO         4443    locale$$code        c_w.l(lc_numeric_c.o)
    0x080068a0   0x080068a0   0x0000002c   Code   RO         4514    locale$$code        c_w.l(lc_ctype_c.o)
    0x080068cc   0x080068cc   0x00000062   Code   RO         4285    x$fpl$d2f           fz_ws.l(d2f.o)
    0x0800692e   0x0800692e   0x00000002   PAD
    0x08006930   0x08006930   0x000002b0   Code   RO         4288    x$fpl$ddiv          fz_ws.l(ddiv.o)
    0x08006be0   0x08006be0   0x0000002e   Code   RO         4292    x$fpl$dflt          fz_ws.l(dflt_clz.o)
    0x08006c0e   0x08006c0e   0x00000002   PAD
    0x08006c10   0x08006c10   0x00000154   Code   RO         4297    x$fpl$dmul          fz_ws.l(dmul.o)
    0x08006d64   0x08006d64   0x0000009c   Code   RO         4374    x$fpl$dnaninf       fz_ws.l(dnaninf.o)
    0x08006e00   0x08006e00   0x0000000c   Code   RO         4376    x$fpl$dretinf       fz_ws.l(dretinf.o)
    0x08006e0c   0x08006e0c   0x00000056   Code   RO         4299    x$fpl$f2d           fz_ws.l(f2d.o)
    0x08006e62   0x08006e62   0x0000008c   Code   RO         4378    x$fpl$fnaninf       fz_ws.l(fnaninf.o)
    0x08006eee   0x08006eee   0x0000000a   Code   RO         4380    x$fpl$fretinf       fz_ws.l(fretinf.o)
    0x08006ef8   0x08006ef8   0x00000004   Code   RO         4301    x$fpl$printf1       fz_ws.l(printf1.o)
    0x08006efc   0x08006efc   0x00000000   Code   RO         4382    x$fpl$usenofp       fz_ws.l(usenofp.o)
    0x08006efc   0x08006efc   0x000005f0   Data   RO         3759    .constdata          oled.o
    0x080074ec   0x080074ec   0x00000040   Data   RO         4169    .constdata          utils_sha1.o
    0x0800752c   0x0800752c   0x00000011   Data   RO         4261    .constdata          c_w.l(__printf_flags_ss_wp.o)
    0x0800753d   0x0800753d   0x00000003   PAD
    0x08007540   0x08007540   0x00000008   Data   RO         4323    .constdata          c_w.l(_printf_wctomb.o)
    0x08007548   0x08007548   0x00000028   Data   RO         4352    .constdata          c_w.l(_printf_hex_int_ll_ptr.o)
    0x08007570   0x08007570   0x00000094   Data   RO         4412    .constdata          c_w.l(bigflt0.o)
    0x08007604   0x08007604   0x000000bb   Data   RO            7    .conststring        main.o
    0x080076bf   0x080076bf   0x00000001   PAD
    0x080076c0   0x080076c0   0x00000020   Data   RO         4589    Region$$Table       anon$$obj.o
    0x080076e0   0x080076e0   0x0000001c   Data   RO         4442    locale$$data        c_w.l(lc_numeric_c.o)
    0x080076fc   0x080076fc   0x00000110   Data   RO         4513    locale$$data        c_w.l(lc_ctype_c.o)


    Execution Region ER_RW (Exec base: 0x20000000, Load base: 0x0800780c, Size: 0x000002fc, Max: 0xffffffff, ABSOLUTE, COMPRESSED[0x00000104])

    Exec Addr    Load Addr    Size         Type   Attr      Idx    E Section Name        Object

    0x20000000   COMPRESSED   0x00000010   Data   RW            8    .data               main.o
    0x20000010   COMPRESSED   0x00000014   Data   RW         2002    .data               stm32f10x_rcc.o
    0x20000024   COMPRESSED   0x00000008   Data   RW         3376    .data               usart2.o
    0x2000002c   COMPRESSED   0x00000004   Data   RW         3415    .data               usart1.o
    0x20000030   COMPRESSED   0x00000044   Data   RW         3512    .data               mqtt.o
    0x20000074   COMPRESSED   0x00000280   Data   RW         3760    .data               oled.o
    0x200002f4   COMPRESSED   0x00000008   Data   RW         3951    .data               ad.o


    Execution Region ER_ZI (Exec base: 0x200002fc, Load base: 0x08007910, Size: 0x00003c34, Max: 0xffffffff, ABSOLUTE)

    Exec Addr    Load Addr    Size         Type   Attr      Idx    E Section Name        Object

    0x200002fc        -       0x00000011   Zero   RW            6    .bss                main.o
    0x2000030d   0x08007910   0x00000003   PAD
    0x20000310        -       0x00002000   Zero   RW         3375    .bss                usart2.o
    0x20002310        -       0x00000100   Zero   RW         3414    .bss                usart1.o
    0x20002410        -       0x000014c0   Zero   RW         3511    .bss                mqtt.o
    0x200038d0        -       0x00000060   Zero   RW         4450    .bss                c_w.l(libspace.o)
    0x20003930        -       0x00000200   Zero   RW          399    HEAP                startup_stm32f10x_md.o
    0x20003b30        -       0x00000400   Zero   RW          398    STACK               startup_stm32f10x_md.o


==============================================================================

Image component sizes


      Code (inc. data)   RO Data    RW Data    ZI Data      Debug   Object Name

       292         16          0          8          0       1085   ad.o
        56          6          0          0          0        444   beep.o
       326          6          0          0          0       1575   delay.o
       472         32          0          0          0       3588   dht11.o
       610         44          0          0          0       4771   ds18b20.o
        52          6          0          0          0        439   led.o
      1860        724        187         16         17     262973   main.o
       172         22          0          0          0       1865   misc.o
      2092        520          0         68       5312       7275   mqtt.o
       942         28       1520        640          0       7848   oled.o
        44          6          0          0          0        441   relay.o
        64         26        236          0       1536        756   startup_stm32f10x_md.o
       390         10          0          0          0       6921   stm32f10x_adc.o
        84          0          0          0          0       2625   stm32f10x_dma.o
       314          0          0          0          0       3952   stm32f10x_gpio.o
       428         70          0          0          0       5008   stm32f10x_it.o
       396         56          0         20          0       6251   stm32f10x_rcc.o
       738        106          0          0          0       4496   stm32f10x_tim.o
       572         28          0          0          0       5283   stm32f10x_usart.o
         0          0          0          0          0     212316   sys.o
       328         28          0          0          0       1609   system_stm32f10x.o
       118          0          0          0          0        529   timer2.o
       240         10          0          0          0       1063   timer3.o
       104          6          0          0          0        628   timer4.o
       252         22          0          4        256       3834   usart1.o
       340         22          0          8       8192       3040   usart2.o
       232          0          0          0          0       2654   utils_hmac.o
        24          0          0          0          0        467   utils_md5.o
      6842         40         64          0          0       5427   utils_sha1.o
      1524        790          0          0          0       3538   wifi.o

    ----------------------------------------------------------------------
     19938       2624       2040        764      15316     562701   Object Totals
         0          0         32          0          0          0   (incl. Generated)
        30          0          1          0          3          0   (incl. Padding)

    ----------------------------------------------------------------------

      Code (inc. data)   RO Data    RW Data    ZI Data      Debug   Library Member Name

        24          4          0          0          0         84   __2printf.o
        44          6          0          0          0         84   __2sprintf.o
       100          0          0          0          0          0   __dclz77c.o
         8          0          0          0          0         68   __main.o
       392          4         17          0          0         92   __printf_flags_ss_wp.o
        14          0          0          0          0         68   __printf_wp.o
         0          0          0          0          0          0   __rtentry.o
        12          0          0          0          0          0   __rtentry2.o
         6          0          0          0          0          0   __rtentry4.o
        52          8          0          0          0          0   __scatter.o
        28          0          0          0          0          0   __scatter_zi.o
         6          0          0          0          0          0   _printf_a.o
         6          0          0          0          0          0   _printf_c.o
        44          0          0          0          0        108   _printf_char.o
        48          6          0          0          0         96   _printf_char_common.o
        36          4          0          0          0         80   _printf_char_file.o
        40          0          0          0          0         68   _printf_charcount.o
         6          0          0          0          0          0   _printf_d.o
       120         16          0          0          0         92   _printf_dec.o
         6          0          0          0          0          0   _printf_e.o
         6          0          0          0          0          0   _printf_f.o
      1054          0          0          0          0        216   _printf_fp_dec.o
       128         16          0          0          0         84   _printf_fp_infnan.o
         6          0          0          0          0          0   _printf_g.o
       148          4         40          0          0        160   _printf_hex_int_ll_ptr.o
         6          0          0          0          0          0   _printf_i.o
       178          0          0          0          0         88   _printf_intcommon.o
        10          0          0          0          0          0   _printf_l.o
         6          0          0          0          0          0   _printf_lc.o
        10          0          0          0          0          0   _printf_ll.o
         6          0          0          0          0          0   _printf_lld.o
         6          0          0          0          0          0   _printf_lli.o
         6          0          0          0          0          0   _printf_llo.o
         6          0          0          0          0          0   _printf_llu.o
         6          0          0          0          0          0   _printf_llx.o
       124         16          0          0          0         92   _printf_longlong_dec.o
         6          0          0          0          0          0   _printf_ls.o
         6          0          0          0          0          0   _printf_n.o
         6          0          0          0          0          0   _printf_o.o
       112         10          0          0          0        124   _printf_oct_int_ll.o
         6          0          0          0          0          0   _printf_p.o
        78          0          0          0          0        108   _printf_pad.o
         0          0          0          0          0          0   _printf_percent.o
         4          0          0          0          0          0   _printf_percent_end.o
         6          0          0          0          0          0   _printf_s.o
        82          0          0          0          0         80   _printf_str.o
        36          0          0          0          0         84   _printf_truncate.o
         6          0          0          0          0          0   _printf_u.o
        44          0          0          0          0        108   _printf_wchar.o
       188          6          8          0          0         92   _printf_wctomb.o
         6          0          0          0          0          0   _printf_x.o
        10          0          0          0          0         68   _sputc.o
        64          0          0          0          0         92   _wcrtomb.o
        16          0          0          0          0         68   aeabi_memset.o
       228          4        148          0          0         96   bigflt0.o
      1936        128          0          0          0        672   btod.o
        36          4          0          0          0         76   c89vsprintf.o
        18          0          0          0          0         80   exit.o
         8          0          0          0          0         68   ferror.o
         6          0          0          0          0        152   heapauxi.o
        44         10        272          0          0         76   lc_ctype_c.o
        44         10         28          0          0         76   lc_numeric_c.o
         2          0          0          0          0          0   libinit.o
        30          0          0          0          0          0   libinit2.o
         2          0          0          0          0          0   libshutdown.o
         2          0          0          0          0          0   libshutdown2.o
         8          4          0          0         96         68   libspace.o
       138          0          0          0          0         80   lludiv10.o
        16          4          0          0          0         76   rt_ctype_table.o
         8          4          0          0          0         68   rt_locale_intlibspace.o
        68          0          0          0          0         68   rt_memclr.o
        78          0          0          0          0         80   rt_memclr_w.o
       138          0          0          0          0         68   rt_memcpy_v6.o
       100          0          0          0          0         80   rt_memcpy_w.o
         2          0          0          0          0          0   rtexit.o
        10          0          0          0          0          0   rtexit2.o
       128          0          0          0          0         68   strcmpv7m.o
        62          0          0          0          0         76   strlen.o
        36          0          0          0          0         80   strstr.o
        74          0          0          0          0         80   sys_stackheap_outer.o
         2          0          0          0          0         68   use_no_semi.o
         2          0          0          0          0         68   use_no_semi_2.o
        98          4          0          0          0         92   d2f.o
       688        140          0          0          0        208   ddiv.o
        46          0          0          0          0         68   dflt_clz.o
       340         12          0          0          0        104   dmul.o
       156          4          0          0          0         92   dnaninf.o
        12          0          0          0          0         68   dretinf.o
        86          4          0          0          0         84   f2d.o
       140          4          0          0          0         84   fnaninf.o
        10          0          0          0          0         68   fretinf.o
         4          0          0          0          0         68   printf1.o
         0          0          0          0          0          0   usenofp.o
        40          0          0          0          0         68   fpclassify.o

    ----------------------------------------------------------------------
      8238        436        516          0         96       5632   Library Totals
        18          0          3          0          0          0   (incl. Padding)

    ----------------------------------------------------------------------

      Code (inc. data)   RO Data    RW Data    ZI Data      Debug   Library Name

      6600        268        513          0         96       4628   c_w.l
      1580        168          0          0          0        936   fz_ws.l
        40          0          0          0          0         68   m_ws.l

    ----------------------------------------------------------------------
      8238        436        516          0         96       5632   Library Totals

    ----------------------------------------------------------------------

==============================================================================


      Code (inc. data)   RO Data    RW Data    ZI Data      Debug   

     28176       3060       2556        764      15412     558657   Grand Totals
     28176       3060       2556        260      15412     558657   ELF Image Totals (compressed)
     28176       3060       2556        260          0          0   ROM Totals

==============================================================================

    Total RO  Size (Code + RO Data)                30732 (  30.01kB)
    Total RW  Size (RW Data + ZI Data)             16176 (  15.80kB)
    Total ROM Size (Code + RO Data + RW Data)      30992 (  30.27kB)

==============================================================================

